Archive member included to satisfy reference by file (symbol)

/usr/lib/gcc/arm-none-eabi/9.2.1/thumb/v6-m/nofp/libgcc.a(_dvmd_tls.o)
                              CMakeFiles/PicoDX.dir/home/shiyou/pico/pico-sdk/src/rp2_common/pico_divider/divider.S.obj (__aeabi_idiv0)
/usr/lib/gcc/arm-none-eabi/9.2.1/../../../arm-none-eabi/lib/thumb/v6-m/nofp/libg.a(lib_a-atexit.o)
                              /usr/lib/gcc/arm-none-eabi/9.2.1/../../../arm-none-eabi/lib/thumb/v6-m/nofp/crt0.o (atexit)
/usr/lib/gcc/arm-none-eabi/9.2.1/../../../arm-none-eabi/lib/thumb/v6-m/nofp/libg.a(lib_a-calloc.o)
                              CMakeFiles/PicoDX.dir/home/shiyou/pico/pico-sdk/src/rp2_common/pico_malloc/pico_malloc.c.obj (calloc)
/usr/lib/gcc/arm-none-eabi/9.2.1/../../../arm-none-eabi/lib/thumb/v6-m/nofp/libg.a(lib_a-callocr.o)
                              /usr/lib/gcc/arm-none-eabi/9.2.1/../../../arm-none-eabi/lib/thumb/v6-m/nofp/libg.a(lib_a-calloc.o) (_calloc_r)
/usr/lib/gcc/arm-none-eabi/9.2.1/../../../arm-none-eabi/lib/thumb/v6-m/nofp/libg.a(lib_a-ctype_.o)
                              CMakeFiles/PicoDX.dir/home/shiyou/pico/pico-sdk/lib/tinyusb/src/tusb.c.obj (_ctype_)
/usr/lib/gcc/arm-none-eabi/9.2.1/../../../arm-none-eabi/lib/thumb/v6-m/nofp/libg.a(lib_a-fini.o)
                              /usr/lib/gcc/arm-none-eabi/9.2.1/../../../arm-none-eabi/lib/thumb/v6-m/nofp/crt0.o (__libc_fini_array)
/usr/lib/gcc/arm-none-eabi/9.2.1/../../../arm-none-eabi/lib/thumb/v6-m/nofp/libg.a(lib_a-impure.o)
                              /usr/lib/gcc/arm-none-eabi/9.2.1/../../../arm-none-eabi/lib/thumb/v6-m/nofp/libg.a(lib_a-calloc.o) (_impure_ptr)
/usr/lib/gcc/arm-none-eabi/9.2.1/../../../arm-none-eabi/lib/thumb/v6-m/nofp/libg.a(lib_a-init.o)
                              /usr/lib/gcc/arm-none-eabi/9.2.1/../../../arm-none-eabi/lib/thumb/v6-m/nofp/crt0.o (__libc_init_array)
/usr/lib/gcc/arm-none-eabi/9.2.1/../../../arm-none-eabi/lib/thumb/v6-m/nofp/libg.a(lib_a-malloc.o)
                              CMakeFiles/PicoDX.dir/home/shiyou/pico/pico-sdk/src/rp2_common/pico_malloc/pico_malloc.c.obj (malloc)
/usr/lib/gcc/arm-none-eabi/9.2.1/../../../arm-none-eabi/lib/thumb/v6-m/nofp/libg.a(lib_a-mallocr.o)
                              /usr/lib/gcc/arm-none-eabi/9.2.1/../../../arm-none-eabi/lib/thumb/v6-m/nofp/libg.a(lib_a-callocr.o) (_malloc_r)
/usr/lib/gcc/arm-none-eabi/9.2.1/../../../arm-none-eabi/lib/thumb/v6-m/nofp/libg.a(lib_a-mlock.o)
                              /usr/lib/gcc/arm-none-eabi/9.2.1/../../../arm-none-eabi/lib/thumb/v6-m/nofp/libg.a(lib_a-mallocr.o) (__malloc_lock)
/usr/lib/gcc/arm-none-eabi/9.2.1/../../../arm-none-eabi/lib/thumb/v6-m/nofp/libg.a(lib_a-sbrkr.o)
                              /usr/lib/gcc/arm-none-eabi/9.2.1/../../../arm-none-eabi/lib/thumb/v6-m/nofp/libg.a(lib_a-mallocr.o) (_sbrk_r)
/usr/lib/gcc/arm-none-eabi/9.2.1/../../../arm-none-eabi/lib/thumb/v6-m/nofp/libg.a(lib_a-strlen-stub.o)
                              CMakeFiles/PicoDX.dir/usb_descriptors.c.obj (strlen)
/usr/lib/gcc/arm-none-eabi/9.2.1/../../../arm-none-eabi/lib/thumb/v6-m/nofp/libg.a(lib_a-__atexit.o)
                              /usr/lib/gcc/arm-none-eabi/9.2.1/../../../arm-none-eabi/lib/thumb/v6-m/nofp/libg.a(lib_a-atexit.o) (__register_exitproc)
/usr/lib/gcc/arm-none-eabi/9.2.1/../../../arm-none-eabi/lib/thumb/v6-m/nofp/libg.a(lib_a-freer.o)
                              /usr/lib/gcc/arm-none-eabi/9.2.1/../../../arm-none-eabi/lib/thumb/v6-m/nofp/libg.a(lib_a-malloc.o) (_free_r)
/usr/lib/gcc/arm-none-eabi/9.2.1/../../../arm-none-eabi/lib/thumb/v6-m/nofp/libg.a(lib_a-reent.o)
                              /usr/lib/gcc/arm-none-eabi/9.2.1/../../../arm-none-eabi/lib/thumb/v6-m/nofp/libg.a(lib_a-sbrkr.o) (errno)

Allocating common symbols
Common symbol       size              file

sf_table            0x100             CMakeFiles/PicoDX.dir/home/shiyou/pico/pico-sdk/src/rp2_common/pico_float/float_init_rom.c.obj
errno               0x4               /usr/lib/gcc/arm-none-eabi/9.2.1/../../../arm-none-eabi/lib/thumb/v6-m/nofp/libg.a(lib_a-reent.o)
_usbd_qdef_buf      0xc0              CMakeFiles/PicoDX.dir/home/shiyou/pico/pico-sdk/lib/tinyusb/src/device/usbd.c.obj
sf_clz_func         0x4               CMakeFiles/PicoDX.dir/home/shiyou/pico/pico-sdk/src/rp2_common/pico_float/float_init_rom.c.obj
sd_table            0x100             CMakeFiles/PicoDX.dir/home/shiyou/pico/pico-sdk/src/rp2_common/pico_double/double_init_rom.c.obj
uart_char_to_line_feed
                    0x4               CMakeFiles/PicoDX.dir/home/shiyou/pico/pico-sdk/src/rp2_common/hardware_uart/uart.c.obj

Discarded input sections

 .text          0x0000000000000000        0x0 /usr/lib/gcc/arm-none-eabi/9.2.1/thumb/v6-m/nofp/crti.o
 .data          0x0000000000000000        0x0 /usr/lib/gcc/arm-none-eabi/9.2.1/thumb/v6-m/nofp/crti.o
 .bss           0x0000000000000000        0x0 /usr/lib/gcc/arm-none-eabi/9.2.1/thumb/v6-m/nofp/crti.o
[...]
Memory Configuration

Name             Origin             Length             Attributes
FLASH            0x0000000010000000 0x0000000000200000 xr
RAM              0x0000000020000000 0x0000000000040000 xrw
SCRATCH_X        0x0000000020040000 0x0000000000001000 xrw
SCRATCH_Y        0x0000000020041000 0x0000000000001000 xrw
*default*        0x0000000000000000 0xffffffffffffffff

Linker script and memory map

LOAD /usr/lib/gcc/arm-none-eabi/9.2.1/thumb/v6-m/nofp/crti.o
LOAD /usr/lib/gcc/arm-none-eabi/9.2.1/thumb/v6-m/nofp/crtbegin.o
LOAD /usr/lib/gcc/arm-none-eabi/9.2.1/../../../arm-none-eabi/lib/thumb/v6-m/nofp/crt0.o

.flash_begin    0x0000000010000000        0x0
                0x0000000010000000                __flash_binary_start = .

.boot2          0x0000000010000000      0x100
                0x0000000010000000                __boot2_start__ = .
 *(.boot2)
 .boot2         0x0000000010000000      0x100 /tmp/ccPBx2Xa.o
                0x0000000010000100                __boot2_end__ = .
                0x0000000000000001                ASSERT (((__boot2_end__ - __boot2_start__) == 0x100), ERROR: Pico second stage bootloader must be 256 bytes in size)

.text           0x0000000010000100     0x6330
                0x0000000010000100                __logical_binary_start = .
 *(.vectors)
 .vectors       0x0000000010000100       0xd4 CMakeFiles/PicoDX.dir/home/shiyou/pico/pico-sdk/src/rp2_common/pico_standard_link/crt0.S.obj
                0x0000000010000100                __vectors
                0x0000000010000100                __VECTOR_TABLE
                0x00000000100001c0                isr_invalid
                0x00000000100001c0                __default_isrs_start
                0x00000000100001c2                isr_nmi
                0x00000000100001c4                isr_hardfault
                0x00000000100001c6                isr_svcall
                0x00000000100001c8                isr_pendsv
                0x00000000100001ca                isr_systick
                0x00000000100001cc                isr_irq30
                0x00000000100001cc                __unhandled_user_irq
                0x00000000100001cc                isr_irq13
                0x00000000100001cc                isr_irq27
                0x00000000100001cc                isr_irq31
                0x00000000100001cc                isr_irq5
                0x00000000100001cc                isr_irq11
                0x00000000100001cc                isr_irq23
                0x00000000100001cc                isr_irq18
                0x00000000100001cc                isr_irq28
                0x00000000100001cc                isr_irq19
                0x00000000100001cc                isr_irq0
                0x00000000100001cc                isr_irq6
                0x00000000100001cc                isr_irq22
                0x00000000100001cc                isr_irq17
                0x00000000100001cc                isr_irq14
                0x00000000100001cc                isr_irq2
                0x00000000100001cc                isr_irq10
                0x00000000100001cc                isr_irq8
                0x00000000100001cc                isr_irq24
                0x00000000100001cc                isr_irq1
                0x00000000100001cc                isr_irq7
                0x00000000100001cc                isr_irq21
                0x00000000100001cc                isr_irq20
                0x00000000100001cc                isr_irq15
                0x00000000100001cc                isr_irq25
                0x00000000100001cc                isr_irq4
                0x00000000100001cc                isr_irq16
                0x00000000100001cc                isr_irq29
                0x00000000100001cc                isr_irq26
                0x00000000100001cc                __default_isrs_end
                0x00000000100001cc                isr_irq3
                0x00000000100001cc                isr_irq12
                0x00000000100001cc                isr_irq9
                0x00000000100001d2                unhandled_user_irq_num_in_r0
 *(.binary_info_header)
 .binary_info_header
                0x00000000100001d4       0x14 CMakeFiles/PicoDX.dir/home/shiyou/pico/pico-sdk/src/rp2_common/pico_standard_link/crt0.S.obj
                0x00000000100001e8                __binary_info_header_end = .
 *(.reset)
 .reset         0x00000000100001e8       0xa8 CMakeFiles/PicoDX.dir/home/shiyou/pico/pico-sdk/src/rp2_common/pico_standard_link/crt0.S.obj
                0x00000000100001e8                _entry_point
                0x0000000010000266                __get_current_exception
 .reset         0x0000000010000290       0x30 CMakeFiles/PicoDX.dir/home/shiyou/pico/pico-sdk/src/rp2_common/pico_standard_link/binary_info.c.obj
 *(.init)
 .init          0x00000000100002c0        0x4 /usr/lib/gcc/arm-none-eabi/9.2.1/thumb/v6-m/nofp/crti.o
                0x00000000100002c0                _init
 *(EXCLUDE_FILE(*libm.a: *libc.a:*lib_a-mem*.o *libgcc.a:) .text*)
 .text          0x00000000100002c4       0x98 /usr/lib/gcc/arm-none-eabi/9.2.1/thumb/v6-m/nofp/crtbegin.o
 .text._Z41__static_initialization_and_destruction_0ii
                0x000000001000035c       0x30 CMakeFiles/PicoDX.dir/PicoDX.cpp.obj
 .text.tud_mount_cb
                0x000000001000038c       0x10 CMakeFiles/PicoDX.dir/PicoDX.cpp.obj
                0x000000001000038c                tud_mount_cb
 .text.tud_umount_cb
                0x000000001000039c        0xc CMakeFiles/PicoDX.dir/PicoDX.cpp.obj
                0x000000001000039c                tud_umount_cb
 .text.tud_suspend_cb
                0x00000000100003a8       0x10 CMakeFiles/PicoDX.dir/PicoDX.cpp.obj
                0x00000000100003a8                tud_suspend_cb
 .text.tud_resume_cb
                0x00000000100003b8       0x10 CMakeFiles/PicoDX.dir/PicoDX.cpp.obj
                0x00000000100003b8                tud_resume_cb
 .text.tud_hid_get_report_cb
                0x00000000100003c8        0x4 CMakeFiles/PicoDX.dir/PicoDX.cpp.obj
                0x00000000100003c8                tud_hid_get_report_cb
 .text.tud_hid_set_report_cb
                0x00000000100003cc        0x2 CMakeFiles/PicoDX.dir/PicoDX.cpp.obj
                0x00000000100003cc                tud_hid_set_report_cb
 *fill*         0x00000000100003ce        0x2 
 .text._Z17led_blinking_taskv
                0x00000000100003d0       0x64 CMakeFiles/PicoDX.dir/PicoDX.cpp.obj
                0x00000000100003d0                led_blinking_task()
 .text.main     0x0000000010000434       0xac CMakeFiles/PicoDX.dir/PicoDX.cpp.obj
                0x0000000010000434                main
 .text._GLOBAL__sub_I_btnPins
                0x00000000100004e0       0x10 CMakeFiles/PicoDX.dir/PicoDX.cpp.obj
 .text.tud_descriptor_device_cb
                0x00000000100004f0        0x8 CMakeFiles/PicoDX.dir/usb_descriptors.c.obj
                0x00000000100004f0                tud_descriptor_device_cb
 .text.tud_hid_descriptor_report_cb
                0x00000000100004f8        0x8 CMakeFiles/PicoDX.dir/usb_descriptors.c.obj
                0x00000000100004f8                tud_hid_descriptor_report_cb
 .text.tud_descriptor_configuration_cb
                0x0000000010000500        0x8 CMakeFiles/PicoDX.dir/usb_descriptors.c.obj
                0x0000000010000500                tud_descriptor_configuration_cb
 .text.tud_descriptor_string_cb
                0x0000000010000508       0x60 CMakeFiles/PicoDX.dir/usb_descriptors.c.obj
                0x0000000010000508                tud_descriptor_string_cb
 .text._ZN10picodx_hidC2Ev
                0x0000000010000568        0x2 CMakeFiles/PicoDX.dir/picodx_hid.cpp.obj
                0x0000000010000568                picodx_hid::picodx_hid()
                0x0000000010000568                picodx_hid::picodx_hid()
 .text._ZN10picodx_hid10sendReportEP12picodxReport
                0x000000001000056a       0x28 CMakeFiles/PicoDX.dir/picodx_hid.cpp.obj
                0x000000001000056a                picodx_hid::sendReport(picodxReport*)
 .text._ZN14ControlHandlerC2EPii
                0x0000000010000592        0x6 CMakeFiles/PicoDX.dir/ControlHandler.cpp.obj
                0x0000000010000592                ControlHandler::ControlHandler(int*, int)
                0x0000000010000592                ControlHandler::ControlHandler(int*, int)
 .text._ZN14ControlHandler10get_reportEv
                0x0000000010000598        0x2 CMakeFiles/PicoDX.dir/ControlHandler.cpp.obj
                0x0000000010000598                ControlHandler::get_report()
 *fill*         0x000000001000059a        0x2 
 .text._ZN14ControlHandler9task_pollEv
                0x000000001000059c       0x14 CMakeFiles/PicoDX.dir/ControlHandler.cpp.obj
                0x000000001000059c                ControlHandler::task_poll()
 .text.hw_claim_lock
                0x00000000100005b0       0x18 CMakeFiles/PicoDX.dir/home/shiyou/pico/pico-sdk/src/rp2_common/hardware_claim/claim.c.obj
                0x00000000100005b0                hw_claim_lock
 .text.hw_claim_unlock
                0x00000000100005c8       0x14 CMakeFiles/PicoDX.dir/home/shiyou/pico/pico-sdk/src/rp2_common/hardware_claim/claim.c.obj
                0x00000000100005c8                hw_claim_unlock
 .text.hw_claim_or_assert
                0x00000000100005dc       0x32 CMakeFiles/PicoDX.dir/home/shiyou/pico/pico-sdk/src/rp2_common/hardware_claim/claim.c.obj
                0x00000000100005dc                hw_claim_or_assert
 .text.hw_claim_unused_from_range
                0x000000001000060e       0x50 CMakeFiles/PicoDX.dir/home/shiyou/pico/pico-sdk/src/rp2_common/hardware_claim/claim.c.obj
                0x000000001000060e                hw_claim_unused_from_range
 *fill*         0x000000001000065e        0x2 
 .text.running_on_fpga
                0x0000000010000660       0x14 CMakeFiles/PicoDX.dir/home/shiyou/pico/pico-sdk/src/rp2_common/pico_platform/platform.c.obj
                0x0000000010000660                running_on_fpga
 .text.spin_locks_reset
                0x0000000010000674       0x20 CMakeFiles/PicoDX.dir/home/shiyou/pico/pico-sdk/src/rp2_common/hardware_sync/sync.c.obj
                0x0000000010000674                spin_locks_reset
 .text.next_striped_spin_lock_num
                0x0000000010000694       0x1c CMakeFiles/PicoDX.dir/home/shiyou/pico/pico-sdk/src/rp2_common/hardware_sync/sync.c.obj
                0x0000000010000694                next_striped_spin_lock_num
 .text.spin_lock_claim_unused
                0x00000000100006b0       0x20 CMakeFiles/PicoDX.dir/home/shiyou/pico/pico-sdk/src/rp2_common/hardware_sync/sync.c.obj
                0x00000000100006b0                spin_lock_claim_unused
 .text.alarm_pool_post_alloc_init
                0x00000000100006d0       0x40 CMakeFiles/PicoDX.dir/home/shiyou/pico/pico-sdk/src/common/pico_time/time.c.obj
 .text.sleep_until_callback
                0x0000000010000710       0x30 CMakeFiles/PicoDX.dir/home/shiyou/pico/pico-sdk/src/common/pico_time/time.c.obj
 .text.timer_pool_entry_comparator
                0x0000000010000740       0x7c CMakeFiles/PicoDX.dir/home/shiyou/pico/pico-sdk/src/common/pico_time/time.c.obj
                0x0000000010000740                timer_pool_entry_comparator
 .text.ph_add_child_node
                0x00000000100007bc       0xa4 CMakeFiles/PicoDX.dir/home/shiyou/pico/pico-sdk/src/common/pico_time/time.c.obj
 .text.ph_merge_nodes
                0x0000000010000860       0x3e CMakeFiles/PicoDX.dir/home/shiyou/pico/pico-sdk/src/common/pico_time/time.c.obj
 *fill*         0x000000001000089e        0x2 
 .text.add_alarm_under_lock
                0x00000000100008a0      0x174 CMakeFiles/PicoDX.dir/home/shiyou/pico/pico-sdk/src/common/pico_time/time.c.obj
 .text.alarm_pool_alarm_callback
                0x0000000010000a14      0x32c CMakeFiles/PicoDX.dir/home/shiyou/pico/pico-sdk/src/common/pico_time/time.c.obj
 .text.alarm_pool_init_default
                0x0000000010000d40       0x38 CMakeFiles/PicoDX.dir/home/shiyou/pico/pico-sdk/src/common/pico_time/time.c.obj
                0x0000000010000d40                alarm_pool_init_default
 .text.alarm_pool_get_default
                0x0000000010000d78       0x2c CMakeFiles/PicoDX.dir/home/shiyou/pico/pico-sdk/src/common/pico_time/time.c.obj
                0x0000000010000d78                alarm_pool_get_default
 .text.alarm_pool_add_alarm_at
                0x0000000010000da4      0x170 CMakeFiles/PicoDX.dir/home/shiyou/pico/pico-sdk/src/common/pico_time/time.c.obj
                0x0000000010000da4                alarm_pool_add_alarm_at
 .text.alarm_pool_cancel_alarm
                0x0000000010000f14       0xec CMakeFiles/PicoDX.dir/home/shiyou/pico/pico-sdk/src/common/pico_time/time.c.obj
                0x0000000010000f14                alarm_pool_cancel_alarm
 .text.best_effort_wfe_or_timeout
                0x0000000010001000       0x80 CMakeFiles/PicoDX.dir/home/shiyou/pico/pico-sdk/src/common/pico_time/time.c.obj
                0x0000000010001000                best_effort_wfe_or_timeout
 .text.hardware_alarm_irq_handler
                0x0000000010001080       0x8c CMakeFiles/PicoDX.dir/home/shiyou/pico/pico-sdk/src/rp2_common/hardware_timer/timer.c.obj
 .text.hardware_alarm_claim
                0x000000001000110c       0x18 CMakeFiles/PicoDX.dir/home/shiyou/pico/pico-sdk/src/rp2_common/hardware_timer/timer.c.obj
                0x000000001000110c                hardware_alarm_claim
 .text.time_us_64
                0x0000000010001124       0x18 CMakeFiles/PicoDX.dir/home/shiyou/pico/pico-sdk/src/rp2_common/hardware_timer/timer.c.obj
                0x0000000010001124                time_us_64
 .text.hardware_alarm_set_callback
                0x000000001000113c       0x90 CMakeFiles/PicoDX.dir/home/shiyou/pico/pico-sdk/src/rp2_common/hardware_timer/timer.c.obj
                0x000000001000113c                hardware_alarm_set_callback
 .text.hardware_alarm_set_target
                0x00000000100011cc       0xe8 CMakeFiles/PicoDX.dir/home/shiyou/pico/pico-sdk/src/rp2_common/hardware_timer/timer.c.obj
                0x00000000100011cc                hardware_alarm_set_target
 .text.hardware_alarm_cancel
                0x00000000100012b4       0x40 CMakeFiles/PicoDX.dir/home/shiyou/pico/pico-sdk/src/rp2_common/hardware_timer/timer.c.obj
                0x00000000100012b4                hardware_alarm_cancel
 .text.lock_init
                0x00000000100012f4       0x10 CMakeFiles/PicoDX.dir/home/shiyou/pico/pico-sdk/src/common/pico_sync/lock_core.c.obj
                0x00000000100012f4                lock_init
 .text.mutex_init_internal
                0x0000000010001304       0x1e CMakeFiles/PicoDX.dir/home/shiyou/pico/pico-sdk/src/common/pico_sync/mutex.c.obj
 .text.mutex_init
                0x0000000010001322        0xa CMakeFiles/PicoDX.dir/home/shiyou/pico/pico-sdk/src/common/pico_sync/mutex.c.obj
                0x0000000010001322                mutex_init
 .text.recursive_mutex_init
                0x000000001000132c        0xa CMakeFiles/PicoDX.dir/home/shiyou/pico/pico-sdk/src/common/pico_sync/mutex.c.obj
                0x000000001000132c                recursive_mutex_init
 *fill*         0x0000000010001336        0x2 
 .text.critical_section_init_with_lock_num
                0x0000000010001338       0x14 CMakeFiles/PicoDX.dir/home/shiyou/pico/pico-sdk/src/common/pico_sync/critical_section.c.obj
                0x0000000010001338                critical_section_init_with_lock_num
 .text.critical_section_init
                0x000000001000134c       0x14 CMakeFiles/PicoDX.dir/home/shiyou/pico/pico-sdk/src/common/pico_sync/critical_section.c.obj
                0x000000001000134c                critical_section_init
 .text.ph_add_child_node
                0x0000000010001360       0xa4 CMakeFiles/PicoDX.dir/home/shiyou/pico/pico-sdk/src/common/pico_util/pheap.c.obj
 .text.ph_merge_nodes
                0x0000000010001404       0x3e CMakeFiles/PicoDX.dir/home/shiyou/pico/pico-sdk/src/common/pico_util/pheap.c.obj
 *fill*         0x0000000010001442        0x2 
 .text.ph_clear
                0x0000000010001444       0x70 CMakeFiles/PicoDX.dir/home/shiyou/pico/pico-sdk/src/common/pico_util/pheap.c.obj
                0x0000000010001444                ph_clear
 .text.ph_post_alloc_init
                0x00000000100014b4        0xe CMakeFiles/PicoDX.dir/home/shiyou/pico/pico-sdk/src/common/pico_util/pheap.c.obj
                0x00000000100014b4                ph_post_alloc_init
 *fill*         0x00000000100014c2        0x2 
 .text.ph_merge_two_pass
                0x00000000100014c4       0xa8 CMakeFiles/PicoDX.dir/home/shiyou/pico/pico-sdk/src/common/pico_util/pheap.c.obj
                0x00000000100014c4                ph_merge_two_pass
 .text.ph_remove_any_head
                0x000000001000156c      0x108 CMakeFiles/PicoDX.dir/home/shiyou/pico/pico-sdk/src/common/pico_util/pheap.c.obj
 .text.ph_remove_head
                0x0000000010001674       0x14 CMakeFiles/PicoDX.dir/home/shiyou/pico/pico-sdk/src/common/pico_util/pheap.c.obj
                0x0000000010001674                ph_remove_head
 .text.ph_remove_and_free_node
                0x0000000010001688       0xf8 CMakeFiles/PicoDX.dir/home/shiyou/pico/pico-sdk/src/common/pico_util/pheap.c.obj
                0x0000000010001688                ph_remove_and_free_node
 .text.runtime_init
                0x0000000010001780       0xd8 CMakeFiles/PicoDX.dir/home/shiyou/pico/pico-sdk/src/rp2_common/pico_runtime/runtime.c.obj
                0x0000000010001780                runtime_init
 .text._exit    0x0000000010001858        0x4 CMakeFiles/PicoDX.dir/home/shiyou/pico/pico-sdk/src/rp2_common/pico_runtime/runtime.c.obj
                0x0000000010001858                _exit
 .text.exit     0x000000001000185c        0x6 CMakeFiles/PicoDX.dir/home/shiyou/pico/pico-sdk/src/rp2_common/pico_runtime/runtime.c.obj
                0x000000001000185c                exit
 *fill*         0x0000000010001862        0x2 
 .text.__assert_func
                0x0000000010001864       0x3c CMakeFiles/PicoDX.dir/home/shiyou/pico/pico-sdk/src/rp2_common/pico_runtime/runtime.c.obj
                0x0000000010001864                __assert_func
 .text.panic    0x00000000100018a0       0x30 CMakeFiles/PicoDX.dir/home/shiyou/pico/pico-sdk/src/rp2_common/pico_runtime/runtime.c.obj
                0x00000000100018a0                panic
 .text.clock_configure
                0x00000000100018d0      0x104 CMakeFiles/PicoDX.dir/home/shiyou/pico/pico-sdk/src/rp2_common/hardware_clocks/clocks.c.obj
                0x00000000100018d0                clock_configure
 .text.clocks_init
                0x00000000100019d4      0x100 CMakeFiles/PicoDX.dir/home/shiyou/pico/pico-sdk/src/rp2_common/hardware_clocks/clocks.c.obj
                0x00000000100019d4                clocks_init
 .text.set_raw_irq_handler_and_unlock
                0x0000000010001ad4       0x28 CMakeFiles/PicoDX.dir/home/shiyou/pico/pico-sdk/src/rp2_common/hardware_irq/irq.c.obj
 .text.make_branch
                0x0000000010001afc       0x34 CMakeFiles/PicoDX.dir/home/shiyou/pico/pico-sdk/src/rp2_common/hardware_irq/irq.c.obj
 .text.insert_branch_and_link
                0x0000000010001b30       0x40 CMakeFiles/PicoDX.dir/home/shiyou/pico/pico-sdk/src/rp2_common/hardware_irq/irq.c.obj
 .text.irq_is_enabled
                0x0000000010001b70       0x18 CMakeFiles/PicoDX.dir/home/shiyou/pico/pico-sdk/src/rp2_common/hardware_irq/irq.c.obj
                0x0000000010001b70                irq_is_enabled
 .text.irq_set_mask_enabled
                0x0000000010001b88       0x20 CMakeFiles/PicoDX.dir/home/shiyou/pico/pico-sdk/src/rp2_common/hardware_irq/irq.c.obj
                0x0000000010001b88                irq_set_mask_enabled
 .text.irq_set_enabled
                0x0000000010001ba8        0xe CMakeFiles/PicoDX.dir/home/shiyou/pico/pico-sdk/src/rp2_common/hardware_irq/irq.c.obj
                0x0000000010001ba8                irq_set_enabled
 *fill*         0x0000000010001bb6        0x2 
 .text.irq_get_vtable_handler
                0x0000000010001bb8       0x10 CMakeFiles/PicoDX.dir/home/shiyou/pico/pico-sdk/src/rp2_common/hardware_irq/irq.c.obj
                0x0000000010001bb8                irq_get_vtable_handler
 .text.irq_set_exclusive_handler
                0x0000000010001bc8       0x54 CMakeFiles/PicoDX.dir/home/shiyou/pico/pico-sdk/src/rp2_common/hardware_irq/irq.c.obj
                0x0000000010001bc8                irq_set_exclusive_handler
 .text.irq_remove_handler
                0x0000000010001c1c      0x1ac CMakeFiles/PicoDX.dir/home/shiyou/pico/pico-sdk/src/rp2_common/hardware_irq/irq.c.obj
                0x0000000010001c1c                irq_remove_handler
 .text.irq_set_priority
                0x0000000010001dc8       0x28 CMakeFiles/PicoDX.dir/home/shiyou/pico/pico-sdk/src/rp2_common/hardware_irq/irq.c.obj
                0x0000000010001dc8                irq_set_priority
 .text.irq_add_tail_to_free_list
                0x0000000010001df0       0xf0 CMakeFiles/PicoDX.dir/home/shiyou/pico/pico-sdk/src/rp2_common/hardware_irq/irq.c.obj
                0x0000000010001df0                irq_add_tail_to_free_list
 .text.irq_init_priorities
                0x0000000010001ee0       0x16 CMakeFiles/PicoDX.dir/home/shiyou/pico/pico-sdk/src/rp2_common/hardware_irq/irq.c.obj
                0x0000000010001ee0                irq_init_priorities
 *fill*         0x0000000010001ef6        0x2 
 .text.pll_init
                0x0000000010001ef8      0x118 CMakeFiles/PicoDX.dir/home/shiyou/pico/pico-sdk/src/rp2_common/hardware_pll/pll.c.obj
                0x0000000010001ef8                pll_init
 .text.watchdog_start_tick
                0x0000000010002010       0x10 CMakeFiles/PicoDX.dir/home/shiyou/pico/pico-sdk/src/rp2_common/hardware_watchdog/watchdog.c.obj
                0x0000000010002010                watchdog_start_tick
 .text.xosc_init
                0x0000000010002020       0x28 CMakeFiles/PicoDX.dir/home/shiyou/pico/pico-sdk/src/rp2_common/hardware_xosc/xosc.c.obj
                0x0000000010002020                xosc_init
 .text._out_null
                0x0000000010002048        0x2 CMakeFiles/PicoDX.dir/home/shiyou/pico/pico-sdk/src/rp2_common/pico_printf/printf.c.obj
 .text._out_fct
                0x000000001000204a        0xe CMakeFiles/PicoDX.dir/home/shiyou/pico/pico-sdk/src/rp2_common/pico_printf/printf.c.obj
 .text._atoi    0x0000000010002058       0x24 CMakeFiles/PicoDX.dir/home/shiyou/pico/pico-sdk/src/rp2_common/pico_printf/printf.c.obj
 .text._out_rev
                0x000000001000207c       0xae CMakeFiles/PicoDX.dir/home/shiyou/pico/pico-sdk/src/rp2_common/pico_printf/printf.c.obj
 .text._ntoa_format
                0x000000001000212a      0x110 CMakeFiles/PicoDX.dir/home/shiyou/pico/pico-sdk/src/rp2_common/pico_printf/printf.c.obj
 .text._ntoa_long
                0x000000001000223a       0xbc CMakeFiles/PicoDX.dir/home/shiyou/pico/pico-sdk/src/rp2_common/pico_printf/printf.c.obj
 .text._ntoa_long_long
                0x00000000100022f6       0xe2 CMakeFiles/PicoDX.dir/home/shiyou/pico/pico-sdk/src/rp2_common/pico_printf/printf.c.obj
 .text._etoa    0x00000000100023d8      0x40c CMakeFiles/PicoDX.dir/home/shiyou/pico/pico-sdk/src/rp2_common/pico_printf/printf.c.obj
 .text._ftoa    0x00000000100027e4      0x354 CMakeFiles/PicoDX.dir/home/shiyou/pico/pico-sdk/src/rp2_common/pico_printf/printf.c.obj
 .text._vsnprintf
                0x0000000010002b38      0x628 CMakeFiles/PicoDX.dir/home/shiyou/pico/pico-sdk/src/rp2_common/pico_printf/printf.c.obj
 .text.vfctprintf
                0x0000000010003160       0x20 CMakeFiles/PicoDX.dir/home/shiyou/pico/pico-sdk/src/rp2_common/pico_printf/printf.c.obj
                0x0000000010003160                vfctprintf
 .text          0x0000000010003180       0x10 CMakeFiles/PicoDX.dir/home/shiyou/pico/pico-sdk/src/rp2_common/pico_bit_ops/bit_ops_aeabi.S.obj
 .text.rom_func_lookup
                0x0000000010003190       0x10 CMakeFiles/PicoDX.dir/home/shiyou/pico/pico-sdk/src/rp2_common/pico_bootrom/bootrom.c.obj
                0x0000000010003190                rom_func_lookup
 .text.rom_data_lookup
                0x00000000100031a0       0x10 CMakeFiles/PicoDX.dir/home/shiyou/pico/pico-sdk/src/rp2_common/pico_bootrom/bootrom.c.obj
                0x00000000100031a0                rom_data_lookup
 .text.rom_funcs_lookup
                0x00000000100031b0       0x36 CMakeFiles/PicoDX.dir/home/shiyou/pico/pico-sdk/src/rp2_common/pico_bootrom/bootrom.c.obj
                0x00000000100031b0                rom_funcs_lookup
 *fill*         0x00000000100031e6        0x2 
 .text.__wrap___aeabi_idiv
                0x00000000100031e8       0x50 CMakeFiles/PicoDX.dir/home/shiyou/pico/pico-sdk/src/rp2_common/pico_divider/divider.S.obj
                0x00000000100031e8                __wrap___aeabi_idivmod
                0x00000000100031e8                divmod_s32s32
                0x00000000100031e8                div_s32s32
                0x00000000100031e8                __wrap___aeabi_idiv
                0x00000000100031f0                divmod_s32s32_unsafe
                0x000000001000321c                divmod_s32s32_savestate
 .text.__wrap___aeabi_uidiv
                0x0000000010003238       0x4c CMakeFiles/PicoDX.dir/home/shiyou/pico/pico-sdk/src/rp2_common/pico_divider/divider.S.obj
                0x0000000010003238                __wrap___aeabi_uidiv
                0x0000000010003238                __wrap___aeabi_uidivmod
                0x0000000010003238                div_u32u32
                0x0000000010003238                divmod_u32u32
                0x0000000010003240                divmod_u32u32_unsafe
                0x0000000010003268                divmod_u32u32_savestate
 .text.__wrap___aeabi_ldiv
                0x0000000010003284      0x430 CMakeFiles/PicoDX.dir/home/shiyou/pico/pico-sdk/src/rp2_common/pico_divider/divider.S.obj
                0x0000000010003284                div_s64s64
                0x0000000010003284                divmod_s64s64
                0x0000000010003284                __wrap___aeabi_ldivmod
                0x00000000100032bc                div_u64u64
                0x00000000100032bc                divmod_u64u64
                0x00000000100032bc                __wrap___aeabi_uldivmod
                0x00000000100032cc                divmod_u64u64_savestate
                0x00000000100032f4                divmod_s64s64_unsafe
                0x000000001000337c                divmod_u64u64_unsafe
 .text.__wrap___aeabi_darithmetic
                0x00000000100036b4       0x80 CMakeFiles/PicoDX.dir/home/shiyou/pico/pico-sdk/src/rp2_common/pico_double/double_aeabi.S.obj
                0x00000000100036b4                __wrap___aeabi_drsub
                0x00000000100036ba                __wrap___aeabi_dsub
                0x00000000100036cc                __wrap___aeabi_dadd
                0x00000000100036de                __wrap___aeabi_ddiv
                0x000000001000371a                __wrap___aeabi_dmul
 .text.__wrap___aeabi_cdcmple
                0x0000000010003734       0x6c CMakeFiles/PicoDX.dir/home/shiyou/pico/pico-sdk/src/rp2_common/pico_double/double_aeabi.S.obj
                0x0000000010003734                __wrap___aeabi_cdrcmple
                0x0000000010003744                __wrap___aeabi_cdcmple
                0x0000000010003744                __wrap___aeabi_cdcmpeq
 .text.__wrap___aeabi_dcmplt
                0x00000000100037a0        0xc CMakeFiles/PicoDX.dir/home/shiyou/pico/pico-sdk/src/rp2_common/pico_double/double_aeabi.S.obj
                0x00000000100037a0                __wrap___aeabi_dcmplt
 .text.__wrap___aeabi_dcmple
                0x00000000100037ac       0x10 CMakeFiles/PicoDX.dir/home/shiyou/pico/pico-sdk/src/rp2_common/pico_double/double_aeabi.S.obj
                0x00000000100037ac                __wrap___aeabi_dcmple
 .text.__wrap___aeabi_dcmpge
                0x00000000100037bc       0x10 CMakeFiles/PicoDX.dir/home/shiyou/pico/pico-sdk/src/rp2_common/pico_double/double_aeabi.S.obj
                0x00000000100037bc                __wrap___aeabi_dcmpge
 .text.__wrap___aeabi_dcmpgt
                0x00000000100037cc        0xa CMakeFiles/PicoDX.dir/home/shiyou/pico/pico-sdk/src/rp2_common/pico_double/double_aeabi.S.obj
                0x00000000100037cc                __wrap___aeabi_dcmpgt
 .text.__wrap___aeabi_dcmpun
                0x00000000100037d6       0x1c CMakeFiles/PicoDX.dir/home/shiyou/pico/pico-sdk/src/rp2_common/pico_double/double_aeabi.S.obj
                0x00000000100037d6                __wrap___aeabi_dcmpun
 *fill*         0x00000000100037f2        0x2 
 .text.__wrap___aeabi_i2d
                0x00000000100037f4       0x38 CMakeFiles/PicoDX.dir/home/shiyou/pico/pico-sdk/src/rp2_common/pico_double/double_aeabi.S.obj
                0x00000000100037f4                __wrap___aeabi_ui2d
                0x00000000100037fc                __wrap___aeabi_i2d
 .text.__wrap___aeabi_d2iz
                0x000000001000382c       0x48 CMakeFiles/PicoDX.dir/home/shiyou/pico/pico-sdk/src/rp2_common/pico_double/double_aeabi.S.obj
                0x000000001000382c                __wrap___aeabi_d2iz
                0x000000001000382c                double2int_z
 .text.__wrap___aeabi_d2uiz
                0x0000000010003874       0x18 CMakeFiles/PicoDX.dir/home/shiyou/pico/pico-sdk/src/rp2_common/pico_double/double_aeabi.S.obj
                0x0000000010003874                double2uint
                0x0000000010003874                __wrap___aeabi_d2uiz
 .text.__aeabi_double_init
                0x000000001000388c       0xb4 CMakeFiles/PicoDX.dir/home/shiyou/pico/pico-sdk/src/rp2_common/pico_double/double_init_rom.c.obj
                0x000000001000388c                __aeabi_double_init
 .text.double_table_shim_on_use_helper
                0x0000000010003940       0x34 CMakeFiles/PicoDX.dir/home/shiyou/pico/pico-sdk/src/rp2_common/pico_double/double_v1_rom_shim.S.obj
                0x0000000010003940                double_table_shim_on_use_helper
 .text.__wrap___aeabi_dsub
                0x0000000010003974       0x10 CMakeFiles/PicoDX.dir/home/shiyou/pico/pico-sdk/src/rp2_common/pico_double/double_v1_rom_shim.S.obj
                0x0000000010003974                drsub_shim
                0x000000001000397a                dsub_shim
 .text.dadd_shim
                0x0000000010003984      0x15c CMakeFiles/PicoDX.dir/home/shiyou/pico/pico-sdk/src/rp2_common/pico_double/double_v1_rom_shim.S.obj
                0x0000000010003984                dadd_shim
 .text.dmul_shim
                0x0000000010003ae0      0x15c CMakeFiles/PicoDX.dir/home/shiyou/pico/pico-sdk/src/rp2_common/pico_double/double_v1_rom_shim.S.obj
                0x0000000010003ae0                dmul_shim
 .text.ddiv_shim
                0x0000000010003c3c      0x1b0 CMakeFiles/PicoDX.dir/home/shiyou/pico/pico-sdk/src/rp2_common/pico_double/double_v1_rom_shim.S.obj
                0x0000000010003c3c                ddiv_shim
 .text.dcordic_rot_step
                0x0000000010003dec       0x7c CMakeFiles/PicoDX.dir/home/shiyou/pico/pico-sdk/src/rp2_common/pico_double/double_v1_rom_shim.S.obj
                0x0000000010003dec                dcordic_rot_step
 .text.double2uint_shim
                0x0000000010003e68        0xe CMakeFiles/PicoDX.dir/home/shiyou/pico/pico-sdk/src/rp2_common/pico_double/double_v1_rom_shim.S.obj
                0x0000000010003e68                double2uint_shim
                0x0000000010003e6a                double2ufix_shim
 *fill*         0x0000000010003e76        0x2 
 .text.double2uint64_shim
                0x0000000010003e78       0x6c CMakeFiles/PicoDX.dir/home/shiyou/pico/pico-sdk/src/rp2_common/pico_double/double_v1_rom_shim.S.obj
                0x0000000010003e78                double2uint64_shim
                0x0000000010003e7a                double2ufix64_shim
                0x0000000010003e94                d2fix_a
 .text.dunpacks
                0x0000000010003ee4       0x3c CMakeFiles/PicoDX.dir/home/shiyou/pico/pico-sdk/src/rp2_common/pico_double/double_v1_rom_shim.S.obj
                0x0000000010003ee4                dunpacks
 .text.__aeabi_lmul
                0x0000000010003f20       0x32 CMakeFiles/PicoDX.dir/home/shiyou/pico/pico-sdk/src/rp2_common/pico_int64_ops/pico_int64_ops_aeabi.S.obj
                0x0000000010003f20                __wrap___aeabi_lmul
 *fill*         0x0000000010003f52        0x2 
 .text.__aeabi_float_init
                0x0000000010003f54       0xfc CMakeFiles/PicoDX.dir/home/shiyou/pico/pico-sdk/src/rp2_common/pico_float/float_init_rom.c.obj
                0x0000000010003f54                __aeabi_float_init
 .text.float_table_shim_on_use_helper
                0x0000000010004050       0x34 CMakeFiles/PicoDX.dir/home/shiyou/pico/pico-sdk/src/rp2_common/pico_float/float_v1_rom_shim.S.obj
                0x0000000010004050                float_table_shim_on_use_helper
 .text          0x0000000010004084       0x10 CMakeFiles/PicoDX.dir/home/shiyou/pico/pico-sdk/src/rp2_common/pico_mem_ops/mem_ops_aeabi.S.obj
                0x0000000010004084                __aeabi_mem_init
 .text.memset   0x0000000010004094        0xc CMakeFiles/PicoDX.dir/home/shiyou/pico/pico-sdk/src/rp2_common/pico_mem_ops/mem_ops_aeabi.S.obj
                0x0000000010004094                __wrap_memset
 .text.memcpy   0x00000000100040a0        0xc CMakeFiles/PicoDX.dir/home/shiyou/pico/pico-sdk/src/rp2_common/pico_mem_ops/mem_ops_aeabi.S.obj
                0x00000000100040a0                __wrap___aeabi_memcpy
                0x00000000100040a0                __wrap_memcpy
 .text.stdio_out_chars_crlf
                0x00000000100040ac       0x80 CMakeFiles/PicoDX.dir/home/shiyou/pico/pico-sdk/src/rp2_common/pico_stdio/stdio.c.obj
 .text.stdio_stack_buffer_flush
                0x000000001000412c       0x44 CMakeFiles/PicoDX.dir/home/shiyou/pico/pico-sdk/src/rp2_common/pico_stdio/stdio.c.obj
 .text.stdio_buffered_printer
                0x0000000010004170       0x20 CMakeFiles/PicoDX.dir/home/shiyou/pico/pico-sdk/src/rp2_common/pico_stdio/stdio.c.obj
 .text.stdout_serialize_begin
                0x0000000010004190       0x30 CMakeFiles/PicoDX.dir/home/shiyou/pico/pico-sdk/src/rp2_common/pico_stdio/stdio.c.obj
                0x0000000010004190                stdout_serialize_begin
 .text.stdout_serialize_end
                0x00000000100041c0       0x10 CMakeFiles/PicoDX.dir/home/shiyou/pico/pico-sdk/src/rp2_common/pico_stdio/stdio.c.obj
                0x00000000100041c0                stdout_serialize_end
 .text.stdio_put_string
                0x00000000100041d0       0x84 CMakeFiles/PicoDX.dir/home/shiyou/pico/pico-sdk/src/rp2_common/pico_stdio/stdio.c.obj
 .text.stdio_flush
                0x0000000010004254       0x20 CMakeFiles/PicoDX.dir/home/shiyou/pico/pico-sdk/src/rp2_common/pico_stdio/stdio.c.obj
                0x0000000010004254                stdio_flush
 .text.__wrap_puts
                0x0000000010004274       0x1c CMakeFiles/PicoDX.dir/home/shiyou/pico/pico-sdk/src/rp2_common/pico_stdio/stdio.c.obj
                0x0000000010004274                __wrap_puts
 .text.__wrap_vprintf
                0x0000000010004290       0x44 CMakeFiles/PicoDX.dir/home/shiyou/pico/pico-sdk/src/rp2_common/pico_stdio/stdio.c.obj
                0x0000000010004290                __wrap_vprintf
 .text.__wrap_printf
                0x00000000100042d4       0x18 CMakeFiles/PicoDX.dir/home/shiyou/pico/pico-sdk/src/rp2_common/pico_stdio/stdio.c.obj
                0x00000000100042d4                __wrap_printf
 .text.hw_endpoint_get_by_addr
                0x00000000100042ec       0x18 CMakeFiles/PicoDX.dir/home/shiyou/pico/pico-sdk/lib/tinyusb/src/portable/raspberrypi/rp2040/dcd_rp2040.c.obj
 .text.reset_ep0
                0x0000000010004304       0x2c CMakeFiles/PicoDX.dir/home/shiyou/pico/pico-sdk/lib/tinyusb/src/portable/raspberrypi/rp2040/dcd_rp2040.c.obj
 .text._hw_endpoint_alloc
                0x0000000010004330       0x80 CMakeFiles/PicoDX.dir/home/shiyou/pico/pico-sdk/lib/tinyusb/src/portable/raspberrypi/rp2040/dcd_rp2040.c.obj
 .text._hw_endpoint_init
                0x00000000100043b0       0xbc CMakeFiles/PicoDX.dir/home/shiyou/pico/pico-sdk/lib/tinyusb/src/portable/raspberrypi/rp2040/dcd_rp2040.c.obj
 .text.hw_endpoint_init
                0x000000001000446c       0x18 CMakeFiles/PicoDX.dir/home/shiyou/pico/pico-sdk/lib/tinyusb/src/portable/raspberrypi/rp2040/dcd_rp2040.c.obj
 .text.hw_handle_buff_status
                0x0000000010004484       0xb4 CMakeFiles/PicoDX.dir/home/shiyou/pico/pico-sdk/lib/tinyusb/src/portable/raspberrypi/rp2040/dcd_rp2040.c.obj
 .text.dcd_rp2040_irq
                0x0000000010004538       0xa8 CMakeFiles/PicoDX.dir/home/shiyou/pico/pico-sdk/lib/tinyusb/src/portable/raspberrypi/rp2040/dcd_rp2040.c.obj
 .text.hw_endpoint_xfer
                0x00000000100045e0       0x18 CMakeFiles/PicoDX.dir/home/shiyou/pico/pico-sdk/lib/tinyusb/src/portable/raspberrypi/rp2040/dcd_rp2040.c.obj
 .text.ep0_0len_status
                0x00000000100045f8       0x14 CMakeFiles/PicoDX.dir/home/shiyou/pico/pico-sdk/lib/tinyusb/src/portable/raspberrypi/rp2040/dcd_rp2040.c.obj
 .text._hw_endpoint_stall
                0x000000001000460c       0x54 CMakeFiles/PicoDX.dir/home/shiyou/pico/pico-sdk/lib/tinyusb/src/portable/raspberrypi/rp2040/dcd_rp2040.c.obj
 .text.hw_endpoint_stall
                0x0000000010004660        0xc CMakeFiles/PicoDX.dir/home/shiyou/pico/pico-sdk/lib/tinyusb/src/portable/raspberrypi/rp2040/dcd_rp2040.c.obj
 .text._hw_endpoint_clear_stall
                0x000000001000466c       0x34 CMakeFiles/PicoDX.dir/home/shiyou/pico/pico-sdk/lib/tinyusb/src/portable/raspberrypi/rp2040/dcd_rp2040.c.obj
 .text.hw_endpoint_clear_stall
                0x00000000100046a0        0xc CMakeFiles/PicoDX.dir/home/shiyou/pico/pico-sdk/lib/tinyusb/src/portable/raspberrypi/rp2040/dcd_rp2040.c.obj
 .text.dcd_int_enable
                0x00000000100046ac       0x2c CMakeFiles/PicoDX.dir/home/shiyou/pico/pico-sdk/lib/tinyusb/src/portable/raspberrypi/rp2040/dcd_rp2040.c.obj
                0x00000000100046ac                dcd_int_enable
 .text.dcd_set_address
                0x00000000100046d8       0x28 CMakeFiles/PicoDX.dir/home/shiyou/pico/pico-sdk/lib/tinyusb/src/portable/raspberrypi/rp2040/dcd_rp2040.c.obj
                0x00000000100046d8                dcd_set_address
 .text.dcd_connect
                0x0000000010004700       0x30 CMakeFiles/PicoDX.dir/home/shiyou/pico/pico-sdk/lib/tinyusb/src/portable/raspberrypi/rp2040/dcd_rp2040.c.obj
                0x0000000010004700                dcd_connect
 .text.dcd_init
                0x0000000010004730       0x84 CMakeFiles/PicoDX.dir/home/shiyou/pico/pico-sdk/lib/tinyusb/src/portable/raspberrypi/rp2040/dcd_rp2040.c.obj
                0x0000000010004730                dcd_init
 .text.dcd_edpt0_status_complete
                0x00000000100047b4       0x40 CMakeFiles/PicoDX.dir/home/shiyou/pico/pico-sdk/lib/tinyusb/src/portable/raspberrypi/rp2040/dcd_rp2040.c.obj
                0x00000000100047b4                dcd_edpt0_status_complete
 .text.dcd_edpt_open
                0x00000000100047f4       0x40 CMakeFiles/PicoDX.dir/home/shiyou/pico/pico-sdk/lib/tinyusb/src/portable/raspberrypi/rp2040/dcd_rp2040.c.obj
                0x00000000100047f4                dcd_edpt_open
 .text.dcd_edpt_xfer
                0x0000000010004834       0x34 CMakeFiles/PicoDX.dir/home/shiyou/pico/pico-sdk/lib/tinyusb/src/portable/raspberrypi/rp2040/dcd_rp2040.c.obj
                0x0000000010004834                dcd_edpt_xfer
 .text.dcd_edpt_stall
                0x0000000010004868       0x28 CMakeFiles/PicoDX.dir/home/shiyou/pico/pico-sdk/lib/tinyusb/src/portable/raspberrypi/rp2040/dcd_rp2040.c.obj
                0x0000000010004868                dcd_edpt_stall
 .text.dcd_edpt_clear_stall
                0x0000000010004890       0x2c CMakeFiles/PicoDX.dir/home/shiyou/pico/pico-sdk/lib/tinyusb/src/portable/raspberrypi/rp2040/dcd_rp2040.c.obj
                0x0000000010004890                dcd_edpt_clear_stall
 .text.rp2040_usb_init
                0x00000000100048bc       0x50 CMakeFiles/PicoDX.dir/home/shiyou/pico/pico-sdk/lib/tinyusb/src/portable/raspberrypi/rp2040/rp2040_usb.c.obj
                0x00000000100048bc                rp2040_usb_init
 .text.hw_endpoint_reset_transfer
                0x000000001000490c       0x10 CMakeFiles/PicoDX.dir/home/shiyou/pico/pico-sdk/lib/tinyusb/src/portable/raspberrypi/rp2040/rp2040_usb.c.obj
                0x000000001000490c                hw_endpoint_reset_transfer
 .text._hw_endpoint_buffer_control_update32
                0x000000001000491c       0x58 CMakeFiles/PicoDX.dir/home/shiyou/pico/pico-sdk/lib/tinyusb/src/portable/raspberrypi/rp2040/rp2040_usb.c.obj
                0x000000001000491c                _hw_endpoint_buffer_control_update32
 .text._hw_endpoint_start_next_buffer
                0x0000000010004974       0x50 CMakeFiles/PicoDX.dir/home/shiyou/pico/pico-sdk/lib/tinyusb/src/portable/raspberrypi/rp2040/rp2040_usb.c.obj
                0x0000000010004974                _hw_endpoint_start_next_buffer
 .text._hw_endpoint_xfer_start
                0x00000000100049c4       0x3e CMakeFiles/PicoDX.dir/home/shiyou/pico/pico-sdk/lib/tinyusb/src/portable/raspberrypi/rp2040/rp2040_usb.c.obj
                0x00000000100049c4                _hw_endpoint_xfer_start
 *fill*         0x0000000010004a02        0x2 
 .text._hw_endpoint_xfer_sync
                0x0000000010004a04       0x74 CMakeFiles/PicoDX.dir/home/shiyou/pico/pico-sdk/lib/tinyusb/src/portable/raspberrypi/rp2040/rp2040_usb.c.obj
                0x0000000010004a04                _hw_endpoint_xfer_sync
 .text._hw_endpoint_xfer_continue
                0x0000000010004a78       0x60 CMakeFiles/PicoDX.dir/home/shiyou/pico/pico-sdk/lib/tinyusb/src/portable/raspberrypi/rp2040/rp2040_usb.c.obj
                0x0000000010004a78                _hw_endpoint_xfer_continue
 .text._hw_endpoint_xfer
                0x0000000010004ad8       0x34 CMakeFiles/PicoDX.dir/home/shiyou/pico/pico-sdk/lib/tinyusb/src/portable/raspberrypi/rp2040/rp2040_usb.c.obj
                0x0000000010004ad8                _hw_endpoint_xfer
 .text.mark_interface_endpoint
                0x0000000010004b0c       0x2a CMakeFiles/PicoDX.dir/home/shiyou/pico/pico-sdk/lib/tinyusb/src/device/usbd.c.obj
 *fill*         0x0000000010004b36        0x2 
 .text.usbd_reset
                0x0000000010004b38       0x88 CMakeFiles/PicoDX.dir/home/shiyou/pico/pico-sdk/lib/tinyusb/src/device/usbd.c.obj
 .text.invoke_class_control
                0x0000000010004bc0       0x1a CMakeFiles/PicoDX.dir/home/shiyou/pico/pico-sdk/lib/tinyusb/src/device/usbd.c.obj
 *fill*         0x0000000010004bda        0x2 
 .text.process_set_config
                0x0000000010004bdc      0x1d0 CMakeFiles/PicoDX.dir/home/shiyou/pico/pico-sdk/lib/tinyusb/src/device/usbd.c.obj
 .text.process_get_descriptor
                0x0000000010004dac       0xf8 CMakeFiles/PicoDX.dir/home/shiyou/pico/pico-sdk/lib/tinyusb/src/device/usbd.c.obj
 .text.tud_mounted
                0x0000000010004ea4       0x10 CMakeFiles/PicoDX.dir/home/shiyou/pico/pico-sdk/lib/tinyusb/src/device/usbd.c.obj
                0x0000000010004ea4                tud_mounted
 .text.tud_suspended
                0x0000000010004eb4       0x10 CMakeFiles/PicoDX.dir/home/shiyou/pico/pico-sdk/lib/tinyusb/src/device/usbd.c.obj
                0x0000000010004eb4                tud_suspended
 .text.tud_inited
                0x0000000010004ec4        0xc CMakeFiles/PicoDX.dir/home/shiyou/pico/pico-sdk/lib/tinyusb/src/device/usbd.c.obj
                0x0000000010004ec4                tud_inited
 .text.tud_init
                0x0000000010004ed0       0xcc CMakeFiles/PicoDX.dir/home/shiyou/pico/pico-sdk/lib/tinyusb/src/device/usbd.c.obj
                0x0000000010004ed0                tud_init
 .text.dcd_event_handler
                0x0000000010004f9c      0x174 CMakeFiles/PicoDX.dir/home/shiyou/pico/pico-sdk/lib/tinyusb/src/device/usbd.c.obj
                0x0000000010004f9c                dcd_event_handler
 .text.dcd_event_bus_signal
                0x0000000010005110       0x26 CMakeFiles/PicoDX.dir/home/shiyou/pico/pico-sdk/lib/tinyusb/src/device/usbd.c.obj
                0x0000000010005110                dcd_event_bus_signal
 .text.dcd_event_bus_reset
                0x0000000010005136       0x2a CMakeFiles/PicoDX.dir/home/shiyou/pico/pico-sdk/lib/tinyusb/src/device/usbd.c.obj
                0x0000000010005136                dcd_event_bus_reset
 .text.dcd_event_setup_received
                0x0000000010005160       0x34 CMakeFiles/PicoDX.dir/home/shiyou/pico/pico-sdk/lib/tinyusb/src/device/usbd.c.obj
                0x0000000010005160                dcd_event_setup_received
 .text.dcd_event_xfer_complete
                0x0000000010005194       0x44 CMakeFiles/PicoDX.dir/home/shiyou/pico/pico-sdk/lib/tinyusb/src/device/usbd.c.obj
                0x0000000010005194                dcd_event_xfer_complete
 .text.usbd_edpt_open
                0x00000000100051d8       0xe0 CMakeFiles/PicoDX.dir/home/shiyou/pico/pico-sdk/lib/tinyusb/src/device/usbd.c.obj
                0x00000000100051d8                usbd_edpt_open
 .text.usbd_open_edpt_pair
                0x00000000100052b8       0x8c CMakeFiles/PicoDX.dir/home/shiyou/pico/pico-sdk/lib/tinyusb/src/device/usbd.c.obj
                0x00000000100052b8                usbd_open_edpt_pair
 .text.usbd_edpt_claim
                0x0000000010005344       0x8c CMakeFiles/PicoDX.dir/home/shiyou/pico/pico-sdk/lib/tinyusb/src/device/usbd.c.obj
                0x0000000010005344                usbd_edpt_claim
 .text.usbd_edpt_xfer
                0x00000000100053d0       0x80 CMakeFiles/PicoDX.dir/home/shiyou/pico/pico-sdk/lib/tinyusb/src/device/usbd.c.obj
                0x00000000100053d0                usbd_edpt_xfer
 .text.usbd_edpt_busy
                0x0000000010005450       0x1c CMakeFiles/PicoDX.dir/home/shiyou/pico/pico-sdk/lib/tinyusb/src/device/usbd.c.obj
                0x0000000010005450                usbd_edpt_busy
 .text.usbd_edpt_stall
                0x000000001000546c       0x2c CMakeFiles/PicoDX.dir/home/shiyou/pico/pico-sdk/lib/tinyusb/src/device/usbd.c.obj
                0x000000001000546c                usbd_edpt_stall
 .text.usbd_edpt_clear_stall
                0x0000000010005498       0x2c CMakeFiles/PicoDX.dir/home/shiyou/pico/pico-sdk/lib/tinyusb/src/device/usbd.c.obj
                0x0000000010005498                usbd_edpt_clear_stall
 .text.usbd_edpt_stalled
                0x00000000100054c4       0x1c CMakeFiles/PicoDX.dir/home/shiyou/pico/pico-sdk/lib/tinyusb/src/device/usbd.c.obj
                0x00000000100054c4                usbd_edpt_stalled
 .text.process_control_request
                0x00000000100054e0      0x380 CMakeFiles/PicoDX.dir/home/shiyou/pico/pico-sdk/lib/tinyusb/src/device/usbd.c.obj
 .text.tud_task
                0x0000000010005860      0x204 CMakeFiles/PicoDX.dir/home/shiyou/pico/pico-sdk/lib/tinyusb/src/device/usbd.c.obj
                0x0000000010005860                tud_task
 .text._data_stage_xact
                0x0000000010005a64       0x58 CMakeFiles/PicoDX.dir/home/shiyou/pico/pico-sdk/lib/tinyusb/src/device/usbd_control.c.obj
 .text.tud_control_status
                0x0000000010005abc       0x38 CMakeFiles/PicoDX.dir/home/shiyou/pico/pico-sdk/lib/tinyusb/src/device/usbd_control.c.obj
                0x0000000010005abc                tud_control_status
 .text.tud_control_xfer
                0x0000000010005af4       0xa8 CMakeFiles/PicoDX.dir/home/shiyou/pico/pico-sdk/lib/tinyusb/src/device/usbd_control.c.obj
                0x0000000010005af4                tud_control_xfer
 .text.usbd_control_reset
                0x0000000010005b9c       0x14 CMakeFiles/PicoDX.dir/home/shiyou/pico/pico-sdk/lib/tinyusb/src/device/usbd_control.c.obj
                0x0000000010005b9c                usbd_control_reset
 .text.usbd_control_set_complete_callback
                0x0000000010005bb0        0xc CMakeFiles/PicoDX.dir/home/shiyou/pico/pico-sdk/lib/tinyusb/src/device/usbd_control.c.obj
                0x0000000010005bb0                usbd_control_set_complete_callback
 .text.usbd_control_set_request
                0x0000000010005bbc       0x1c CMakeFiles/PicoDX.dir/home/shiyou/pico/pico-sdk/lib/tinyusb/src/device/usbd_control.c.obj
                0x0000000010005bbc                usbd_control_set_request
 .text.usbd_control_xfer_cb
                0x0000000010005bd8       0xfc CMakeFiles/PicoDX.dir/home/shiyou/pico/pico-sdk/lib/tinyusb/src/device/usbd_control.c.obj
                0x0000000010005bd8                usbd_control_xfer_cb
 .text.tud_hid_n_ready
                0x0000000010005cd4       0x50 CMakeFiles/PicoDX.dir/home/shiyou/pico/pico-sdk/lib/tinyusb/src/class/hid/hid_device.c.obj
                0x0000000010005cd4                tud_hid_n_ready
 .text.tud_hid_n_report
                0x0000000010005d24       0x84 CMakeFiles/PicoDX.dir/home/shiyou/pico/pico-sdk/lib/tinyusb/src/class/hid/hid_device.c.obj
                0x0000000010005d24                tud_hid_n_report
 .text.hidd_reset
                0x0000000010005da8       0x14 CMakeFiles/PicoDX.dir/home/shiyou/pico/pico-sdk/lib/tinyusb/src/class/hid/hid_device.c.obj
                0x0000000010005da8                hidd_reset
 .text.hidd_init
                0x0000000010005dbc        0xa CMakeFiles/PicoDX.dir/home/shiyou/pico/pico-sdk/lib/tinyusb/src/class/hid/hid_device.c.obj
                0x0000000010005dbc                hidd_init
 *fill*         0x0000000010005dc6        0x2 
 .text.hidd_open
                0x0000000010005dc8      0x100 CMakeFiles/PicoDX.dir/home/shiyou/pico/pico-sdk/lib/tinyusb/src/class/hid/hid_device.c.obj
                0x0000000010005dc8                hidd_open
 .text.hidd_control_xfer_cb
                0x0000000010005ec8      0x230 CMakeFiles/PicoDX.dir/home/shiyou/pico/pico-sdk/lib/tinyusb/src/class/hid/hid_device.c.obj
                0x0000000010005ec8                hidd_control_xfer_cb
 .text.hidd_xfer_cb
                0x00000000100060f8       0xa8 CMakeFiles/PicoDX.dir/home/shiyou/pico/pico-sdk/lib/tinyusb/src/class/hid/hid_device.c.obj
                0x00000000100060f8                hidd_xfer_cb
 .text.tusb_init
                0x00000000100061a0       0x24 CMakeFiles/PicoDX.dir/home/shiyou/pico/pico-sdk/lib/tinyusb/src/tusb.c.obj
                0x00000000100061a0                tusb_init
 .text.tusb_inited
                0x00000000100061c4        0xe CMakeFiles/PicoDX.dir/home/shiyou/pico/pico-sdk/lib/tinyusb/src/tusb.c.obj
                0x00000000100061c4                tusb_inited
 .text.advance_pointer
                0x00000000100061d2       0x1e CMakeFiles/PicoDX.dir/home/shiyou/pico/pico-sdk/lib/tinyusb/src/common/tusb_fifo.c.obj
 .text.backward_pointer
                0x00000000100061f0       0x1a CMakeFiles/PicoDX.dir/home/shiyou/pico/pico-sdk/lib/tinyusb/src/common/tusb_fifo.c.obj
 .text.get_relative_pointer
                0x000000001000620a       0x10 CMakeFiles/PicoDX.dir/home/shiyou/pico/pico-sdk/lib/tinyusb/src/common/tusb_fifo.c.obj
 .text._tu_fifo_peek
                0x000000001000621a       0x50 CMakeFiles/PicoDX.dir/home/shiyou/pico/pico-sdk/lib/tinyusb/src/common/tusb_fifo.c.obj
 .text.tu_fifo_read
                0x000000001000626a       0x42 CMakeFiles/PicoDX.dir/home/shiyou/pico/pico-sdk/lib/tinyusb/src/common/tusb_fifo.c.obj
                0x000000001000626a                tu_fifo_read
 .text.tu_fifo_write
                0x00000000100062ac       0x6c CMakeFiles/PicoDX.dir/home/shiyou/pico/pico-sdk/lib/tinyusb/src/common/tusb_fifo.c.obj
                0x00000000100062ac                tu_fifo_write
 .text.tu_fifo_clear
                0x0000000010006318       0x4c CMakeFiles/PicoDX.dir/home/shiyou/pico/pico-sdk/lib/tinyusb/src/common/tusb_fifo.c.obj
                0x0000000010006318                tu_fifo_clear
 .text          0x0000000010006364       0x68 /usr/lib/gcc/arm-none-eabi/9.2.1/../../../arm-none-eabi/lib/thumb/v6-m/nofp/libg.a(lib_a-strlen-stub.o)
                0x0000000010006364                strlen
 *(.fini)
 .fini          0x00000000100063cc        0x4 /usr/lib/gcc/arm-none-eabi/9.2.1/thumb/v6-m/nofp/crti.o
                0x00000000100063cc                _fini
 .fini.__stub   0x00000000100063d0       0x60 linker stubs
 *crtbegin.o(.ctors)
 *crtbegin?.o(.ctors)
 *(EXCLUDE_FILE(*crtend.o *crtend?.o) .ctors)
 *(SORT_BY_NAME(.ctors.*))
 *(.ctors)
 *crtbegin.o(.dtors)
 *crtbegin?.o(.dtors)
 *(EXCLUDE_FILE(*crtend.o *crtend?.o) .dtors)
 *(SORT_BY_NAME(.dtors.*))
 *(.dtors)
 *(.eh_frame*)
 .eh_frame      0x0000000010006430        0x0 /usr/lib/gcc/arm-none-eabi/9.2.1/thumb/v6-m/nofp/crtbegin.o
                0x0000000010006430                . = ALIGN (0x4)

.glue_7         0x0000000010006430        0x0
 .glue_7        0x0000000010006430        0x0 linker stubs

.glue_7t        0x0000000010006430        0x0
 .glue_7t       0x0000000010006430        0x0 linker stubs

.vfp11_veneer   0x0000000010006430        0x0
 .vfp11_veneer  0x0000000010006430        0x0 linker stubs

.v4_bx          0x0000000010006430        0x0
 .v4_bx         0x0000000010006430        0x0 linker stubs

.iplt           0x0000000010006430        0x0
 .iplt          0x0000000010006430        0x0 /usr/lib/gcc/arm-none-eabi/9.2.1/thumb/v6-m/nofp/crtbegin.o

.rodata         0x0000000010006430     0x1504
 *(EXCLUDE_FILE(*libm.a: *libc.a:*lib_a-mem*.o *libgcc.a:) .rodata*)
 .rodata._Z17led_blinking_taskv.str1.4
                0x0000000010006430       0x99 CMakeFiles/PicoDX.dir/PicoDX.cpp.obj
 *fill*         0x00000000100064c9        0x3 
 .rodata.str1.4
                0x00000000100064cc       0x37 CMakeFiles/PicoDX.dir/usb_descriptors.c.obj
 *fill*         0x0000000010006503        0x1 
 .rodata.__compound_literal.0
                0x0000000010006504        0x2 CMakeFiles/PicoDX.dir/usb_descriptors.c.obj
 *fill*         0x0000000010006506        0x2 
 .rodata.desc_configuration
                0x0000000010006508       0x22 CMakeFiles/PicoDX.dir/usb_descriptors.c.obj
                0x0000000010006508                desc_configuration
 *fill*         0x000000001000652a        0x2 
 .rodata.desc_device
                0x000000001000652c       0x12 CMakeFiles/PicoDX.dir/usb_descriptors.c.obj
                0x000000001000652c                desc_device
 *fill*         0x000000001000653e        0x2 
 .rodata.desc_hid_report
                0x0000000010006540       0xf9 CMakeFiles/PicoDX.dir/usb_descriptors.c.obj
                0x0000000010006540                desc_hid_report
 *fill*         0x0000000010006639        0x3 
 .rodata.spin_lock_claim_unused.str1.4
                0x000000001000663c       0x1b CMakeFiles/PicoDX.dir/home/shiyou/pico/pico-sdk/src/rp2_common/hardware_sync/sync.c.obj
 *fill*         0x0000000010006657        0x1 
 .rodata.repeating_timer_callback.str1.4
                0x0000000010006658       0x4b CMakeFiles/PicoDX.dir/home/shiyou/pico/pico-sdk/src/common/pico_time/time.c.obj
 *fill*         0x00000000100066a3        0x1 
 .rodata.alarm_pool_dump_key.str1.4
                0x00000000100066a4       0x33 CMakeFiles/PicoDX.dir/home/shiyou/pico/pico-sdk/src/common/pico_time/time.c.obj
 *fill*         0x00000000100066d7        0x1 
 .rodata.ph_add_child_node.str1.4
                0x00000000100066d8       0x96 CMakeFiles/PicoDX.dir/home/shiyou/pico/pico-sdk/src/common/pico_time/time.c.obj
 *fill*         0x000000001000676e        0x2 
 .rodata.add_alarm_under_lock.str1.4
                0x0000000010006770       0x28 CMakeFiles/PicoDX.dir/home/shiyou/pico/pico-sdk/src/common/pico_time/time.c.obj
                                         0x2b (size before relaxing)
 .rodata.alarm_pool_alarm_callback.str1.4
                0x0000000010006798       0x82 CMakeFiles/PicoDX.dir/home/shiyou/pico/pico-sdk/src/common/pico_time/time.c.obj
                                         0xe6 (size before relaxing)
 *fill*         0x000000001000681a        0x2 
 .rodata.alarm_pool_get_default.str1.4
                0x000000001000681c       0x21 CMakeFiles/PicoDX.dir/home/shiyou/pico/pico-sdk/src/common/pico_time/time.c.obj
 *fill*         0x000000001000683d        0x3 
 .rodata.alarm_pool_cancel_alarm.str1.4
                0x0000000010006840       0x27 CMakeFiles/PicoDX.dir/home/shiyou/pico/pico-sdk/src/common/pico_time/time.c.obj
 *fill*         0x0000000010006867        0x1 
 .rodata.__func__.5701
                0x0000000010006868       0x15 CMakeFiles/PicoDX.dir/home/shiyou/pico/pico-sdk/src/common/pico_time/time.c.obj
 *fill*         0x000000001000687d        0x3 
 .rodata.__func__.6002
                0x0000000010006880        0xc CMakeFiles/PicoDX.dir/home/shiyou/pico/pico-sdk/src/common/pico_time/time.c.obj
 .rodata.__func__.6009
                0x000000001000688c       0x12 CMakeFiles/PicoDX.dir/home/shiyou/pico/pico-sdk/src/common/pico_time/time.c.obj
 *fill*         0x000000001000689e        0x2 
 .rodata.__func__.6025
                0x00000000100068a0        0xf CMakeFiles/PicoDX.dir/home/shiyou/pico/pico-sdk/src/common/pico_time/time.c.obj
 *fill*         0x00000000100068af        0x1 
 .rodata.__func__.6047
                0x00000000100068b0        0xd CMakeFiles/PicoDX.dir/home/shiyou/pico/pico-sdk/src/common/pico_time/time.c.obj
 *fill*         0x00000000100068bd        0x3 
 .rodata.__func__.6248
                0x00000000100068c0        0xa CMakeFiles/PicoDX.dir/home/shiyou/pico/pico-sdk/src/common/pico_time/time.c.obj
 *fill*         0x00000000100068ca        0x2 
 .rodata.__func__.6253
                0x00000000100068cc       0x12 CMakeFiles/PicoDX.dir/home/shiyou/pico/pico-sdk/src/common/pico_time/time.c.obj
 *fill*         0x00000000100068de        0x2 
 .rodata.__func__.6268
                0x00000000100068e0       0x17 CMakeFiles/PicoDX.dir/home/shiyou/pico/pico-sdk/src/common/pico_time/time.c.obj
 *fill*         0x00000000100068f7        0x1 
 .rodata.__func__.6279
                0x00000000100068f8       0x15 CMakeFiles/PicoDX.dir/home/shiyou/pico/pico-sdk/src/common/pico_time/time.c.obj
 *fill*         0x000000001000690d        0x3 
 .rodata.__func__.6296
                0x0000000010006910       0x1a CMakeFiles/PicoDX.dir/home/shiyou/pico/pico-sdk/src/common/pico_time/time.c.obj
 *fill*         0x000000001000692a        0x2 
 .rodata.__func__.6335
                0x000000001000692c       0x18 CMakeFiles/PicoDX.dir/home/shiyou/pico/pico-sdk/src/common/pico_time/time.c.obj
 .rodata.hardware_alarm_claim.str1.4
                0x0000000010006944       0x22 CMakeFiles/PicoDX.dir/home/shiyou/pico/pico-sdk/src/rp2_common/hardware_timer/timer.c.obj
 *fill*         0x0000000010006966        0x2 
 .rodata.hardware_alarm_set_target.str1.4
                0x0000000010006968       0x65 CMakeFiles/PicoDX.dir/home/shiyou/pico/pico-sdk/src/rp2_common/hardware_timer/timer.c.obj
 *fill*         0x00000000100069cd        0x3 
 .rodata.__func__.4548
                0x00000000100069d0       0x1a CMakeFiles/PicoDX.dir/home/shiyou/pico/pico-sdk/src/rp2_common/hardware_timer/timer.c.obj
 *fill*         0x00000000100069ea        0x2 
 .rodata.str1.4
                0x00000000100069ec       0xb1 CMakeFiles/PicoDX.dir/home/shiyou/pico/pico-sdk/src/common/pico_sync/mutex.c.obj
                                        0x115 (size before relaxing)
 *fill*         0x0000000010006a9d        0x3 
 .rodata.__func__.4193
                0x0000000010006aa0       0x15 CMakeFiles/PicoDX.dir/home/shiyou/pico/pico-sdk/src/common/pico_sync/mutex.c.obj
 *fill*         0x0000000010006ab5        0x3 
 .rodata.__func__.4610
                0x0000000010006ab8       0x15 CMakeFiles/PicoDX.dir/home/shiyou/pico/pico-sdk/src/common/pico_sync/mutex.c.obj
 *fill*         0x0000000010006acd        0x3 
 .rodata.__func__.4635
                0x0000000010006ad0       0x18 CMakeFiles/PicoDX.dir/home/shiyou/pico/pico-sdk/src/common/pico_sync/mutex.c.obj
 .rodata.__func__.4645
                0x0000000010006ae8        0xb CMakeFiles/PicoDX.dir/home/shiyou/pico/pico-sdk/src/common/pico_sync/mutex.c.obj
 .rodata.ph_add_child_node.str1.4
                0x0000000010006af3       0x96 CMakeFiles/PicoDX.dir/home/shiyou/pico/pico-sdk/src/common/pico_util/pheap.c.obj
 *fill*         0x0000000010006af3        0x1 
 .rodata.ph_remove_any_head.str1.4
                0x0000000010006af4       0x8c CMakeFiles/PicoDX.dir/home/shiyou/pico/pico-sdk/src/common/pico_util/pheap.c.obj
 .rodata.ph_remove_and_free_node.str1.4
                0x0000000010006b80       0x26 CMakeFiles/PicoDX.dir/home/shiyou/pico/pico-sdk/src/common/pico_util/pheap.c.obj
 *fill*         0x0000000010006ba6        0x2 
 .rodata.__func__.5708
                0x0000000010006ba8        0xc CMakeFiles/PicoDX.dir/home/shiyou/pico/pico-sdk/src/common/pico_util/pheap.c.obj
 .rodata.__func__.5715
                0x0000000010006bb4       0x12 CMakeFiles/PicoDX.dir/home/shiyou/pico/pico-sdk/src/common/pico_util/pheap.c.obj
 *fill*         0x0000000010006bc6        0x2 
 .rodata.__func__.5801
                0x0000000010006bc8       0x13 CMakeFiles/PicoDX.dir/home/shiyou/pico/pico-sdk/src/common/pico_util/pheap.c.obj
 *fill*         0x0000000010006bdb        0x1 
 .rodata.__func__.5819
                0x0000000010006bdc       0x18 CMakeFiles/PicoDX.dir/home/shiyou/pico/pico-sdk/src/common/pico_util/pheap.c.obj
 .rodata.__assert_func.str1.4
                0x0000000010006bf4       0x3f CMakeFiles/PicoDX.dir/home/shiyou/pico/pico-sdk/src/rp2_common/pico_runtime/runtime.c.obj
                                         0x43 (size before relaxing)
 *fill*         0x0000000010006c33        0x1 
 .rodata.panic.str1.4
                0x0000000010006c34       0x12 CMakeFiles/PicoDX.dir/home/shiyou/pico/pico-sdk/src/rp2_common/pico_runtime/runtime.c.obj
 *fill*         0x0000000010006c46        0x2 
 .rodata.clock_configure.str1.4
                0x0000000010006c48       0x57 CMakeFiles/PicoDX.dir/home/shiyou/pico/pico-sdk/src/rp2_common/hardware_clocks/clocks.c.obj
 *fill*         0x0000000010006c9f        0x1 
 .rodata.__func__.4667
                0x0000000010006ca0       0x10 CMakeFiles/PicoDX.dir/home/shiyou/pico/pico-sdk/src/rp2_common/hardware_clocks/clocks.c.obj
 .rodata.make_branch.str1.4
                0x0000000010006cb0       0x4d CMakeFiles/PicoDX.dir/home/shiyou/pico/pico-sdk/src/rp2_common/hardware_irq/irq.c.obj
 *fill*         0x0000000010006cfd        0x3 
 .rodata.irq_set_exclusive_handler.str1.4
                0x0000000010006d00       0x36 CMakeFiles/PicoDX.dir/home/shiyou/pico/pico-sdk/src/rp2_common/hardware_irq/irq.c.obj
 *fill*         0x0000000010006d36        0x2 
 .rodata.irq_add_shared_handler.str1.4
                0x0000000010006d38       0xd9 CMakeFiles/PicoDX.dir/home/shiyou/pico/pico-sdk/src/rp2_common/hardware_irq/irq.c.obj
 *fill*         0x0000000010006e11        0x3 
 .rodata.irq_remove_handler.str1.4
                0x0000000010006e14       0x2a CMakeFiles/PicoDX.dir/home/shiyou/pico/pico-sdk/src/rp2_common/hardware_irq/irq.c.obj
 *fill*         0x0000000010006e3e        0x2 
 .rodata.irq_add_tail_to_free_list.str1.4
                0x0000000010006e40       0x32 CMakeFiles/PicoDX.dir/home/shiyou/pico/pico-sdk/src/rp2_common/hardware_irq/irq.c.obj
                                         0x3a (size before relaxing)
 *fill*         0x0000000010006e72        0x2 
 .rodata.__func__.4703
                0x0000000010006e74       0x1a CMakeFiles/PicoDX.dir/home/shiyou/pico/pico-sdk/src/rp2_common/hardware_irq/irq.c.obj
 *fill*         0x0000000010006e8e        0x2 
 .rodata.__func__.4717
                0x0000000010006e90        0xc CMakeFiles/PicoDX.dir/home/shiyou/pico/pico-sdk/src/rp2_common/hardware_irq/irq.c.obj
 .rodata.__func__.4725
                0x0000000010006e9c       0x17 CMakeFiles/PicoDX.dir/home/shiyou/pico/pico-sdk/src/rp2_common/hardware_irq/irq.c.obj
 *fill*         0x0000000010006eb3        0x1 
 .rodata.__func__.4729
                0x0000000010006eb4        0xf CMakeFiles/PicoDX.dir/home/shiyou/pico/pico-sdk/src/rp2_common/hardware_irq/irq.c.obj
 *fill*         0x0000000010006ec3        0x1 
 .rodata.__func__.4768
                0x0000000010006ec4       0x13 CMakeFiles/PicoDX.dir/home/shiyou/pico/pico-sdk/src/rp2_common/hardware_irq/irq.c.obj
 *fill*         0x0000000010006ed7        0x1 
 .rodata.__func__.4787
                0x0000000010006ed8       0x1a CMakeFiles/PicoDX.dir/home/shiyou/pico/pico-sdk/src/rp2_common/hardware_irq/irq.c.obj
 *fill*         0x0000000010006ef2        0x2 
 .rodata.pll_init.str1.4
                0x0000000010006ef4       0xdb CMakeFiles/PicoDX.dir/home/shiyou/pico/pico-sdk/src/rp2_common/hardware_pll/pll.c.obj
 *fill*         0x0000000010006fcf        0x1 
 .rodata.__func__.4402
                0x0000000010006fd0        0x9 CMakeFiles/PicoDX.dir/home/shiyou/pico/pico-sdk/src/rp2_common/hardware_pll/pll.c.obj
 *fill*         0x0000000010006fd9        0x3 
 .rodata._ftoa.str1.4
                0x0000000010006fdc       0x15 CMakeFiles/PicoDX.dir/home/shiyou/pico/pico-sdk/src/rp2_common/pico_printf/printf.c.obj
 *fill*         0x0000000010006ff1        0x3 
 .rodata._vsnprintf
                0x0000000010006ff4      0x1e0 CMakeFiles/PicoDX.dir/home/shiyou/pico/pico-sdk/src/rp2_common/pico_printf/printf.c.obj
 *fill*         0x00000000100071d4        0x4 
 .rodata.pow10.5422
                0x00000000100071d8       0x50 CMakeFiles/PicoDX.dir/home/shiyou/pico/pico-sdk/src/rp2_common/pico_printf/printf.c.obj
 .rodata.__aeabi_double_init.str1.4
                0x0000000010007228       0xa8 CMakeFiles/PicoDX.dir/home/shiyou/pico/pico-sdk/src/rp2_common/pico_double/double_init_rom.c.obj
 .rodata.__func__.4668
                0x00000000100072d0       0x14 CMakeFiles/PicoDX.dir/home/shiyou/pico/pico-sdk/src/rp2_common/pico_double/double_init_rom.c.obj
 .rodata.__aeabi_float_init.str1.4
                0x00000000100072e4       0x7a CMakeFiles/PicoDX.dir/home/shiyou/pico/pico-sdk/src/rp2_common/pico_float/float_init_rom.c.obj
                                         0x7e (size before relaxing)
 *fill*         0x000000001000735e        0x2 
 .rodata.__func__.4670
                0x0000000010007360       0x13 CMakeFiles/PicoDX.dir/home/shiyou/pico/pico-sdk/src/rp2_common/pico_float/float_init_rom.c.obj
 *fill*         0x0000000010007373        0x1 
 .rodata.str1.4
                0x0000000010007374       0x40 CMakeFiles/PicoDX.dir/home/shiyou/pico/pico-sdk/src/rp2_common/pico_standard_link/binary_info.c.obj
 .rodata.__bi_44
                0x00000000100073b4        0xc CMakeFiles/PicoDX.dir/home/shiyou/pico/pico-sdk/src/rp2_common/pico_standard_link/binary_info.c.obj
 .rodata.__bi_56
                0x00000000100073c0        0xc CMakeFiles/PicoDX.dir/home/shiyou/pico/pico-sdk/src/rp2_common/pico_standard_link/binary_info.c.obj
 .rodata.__bi_75
                0x00000000100073cc        0xc CMakeFiles/PicoDX.dir/home/shiyou/pico/pico-sdk/src/rp2_common/pico_standard_link/binary_info.c.obj
 .rodata.__bi_81
                0x00000000100073d8        0xc CMakeFiles/PicoDX.dir/home/shiyou/pico/pico-sdk/src/rp2_common/pico_standard_link/binary_info.c.obj
 .rodata.crlf_str.5859
                0x00000000100073e4        0x2 CMakeFiles/PicoDX.dir/home/shiyou/pico/pico-sdk/src/rp2_common/pico_stdio/stdio.c.obj
 *fill*         0x00000000100073e6        0x2 
 .rodata._hw_endpoint_alloc.str1.4
                0x00000000100073e8       0xb5 CMakeFiles/PicoDX.dir/home/shiyou/pico/pico-sdk/lib/tinyusb/src/portable/raspberrypi/rp2040/dcd_rp2040.c.obj
 *fill*         0x000000001000749d        0x3 
 .rodata._hw_endpoint_init.str1.4
                0x00000000100074a0       0x28 CMakeFiles/PicoDX.dir/home/shiyou/pico/pico-sdk/lib/tinyusb/src/portable/raspberrypi/rp2040/dcd_rp2040.c.obj
 .rodata.hw_handle_buff_status.str1.4
                0x00000000100074c8        0xb CMakeFiles/PicoDX.dir/home/shiyou/pico/pico-sdk/lib/tinyusb/src/portable/raspberrypi/rp2040/dcd_rp2040.c.obj
 *fill*         0x00000000100074d3        0x1 
 .rodata.dcd_rp2040_irq.str1.4
                0x00000000100074d4       0x14 CMakeFiles/PicoDX.dir/home/shiyou/pico/pico-sdk/lib/tinyusb/src/portable/raspberrypi/rp2040/dcd_rp2040.c.obj
 .rodata._hw_endpoint_stall.str1.4
                0x00000000100074e8        0xd CMakeFiles/PicoDX.dir/home/shiyou/pico/pico-sdk/lib/tinyusb/src/portable/raspberrypi/rp2040/dcd_rp2040.c.obj
 *fill*         0x00000000100074f5        0x3 
 .rodata.dcd_int_enable.str1.4
                0x00000000100074f8        0xc CMakeFiles/PicoDX.dir/home/shiyou/pico/pico-sdk/lib/tinyusb/src/portable/raspberrypi/rp2040/dcd_rp2040.c.obj
 .rodata.__func__.6840
                0x0000000010007504       0x13 CMakeFiles/PicoDX.dir/home/shiyou/pico/pico-sdk/lib/tinyusb/src/portable/raspberrypi/rp2040/dcd_rp2040.c.obj
 *fill*         0x0000000010007517        0x1 
 .rodata.__func__.6871
                0x0000000010007518       0x16 CMakeFiles/PicoDX.dir/home/shiyou/pico/pico-sdk/lib/tinyusb/src/portable/raspberrypi/rp2040/dcd_rp2040.c.obj
 *fill*         0x000000001000752e        0x2 
 .rodata.__func__.6892
                0x0000000010007530       0x13 CMakeFiles/PicoDX.dir/home/shiyou/pico/pico-sdk/lib/tinyusb/src/portable/raspberrypi/rp2040/dcd_rp2040.c.obj
 *fill*         0x0000000010007543        0x1 
 .rodata.__func__.6913
                0x0000000010007544        0x9 CMakeFiles/PicoDX.dir/home/shiyou/pico/pico-sdk/lib/tinyusb/src/portable/raspberrypi/rp2040/dcd_rp2040.c.obj
 *fill*         0x000000001000754d        0x3 
 .rodata.__func__.6917
                0x0000000010007550        0xf CMakeFiles/PicoDX.dir/home/shiyou/pico/pico-sdk/lib/tinyusb/src/portable/raspberrypi/rp2040/dcd_rp2040.c.obj
 *fill*         0x000000001000755f        0x1 
 .rodata.__func__.6926
                0x0000000010007560       0x10 CMakeFiles/PicoDX.dir/home/shiyou/pico/pico-sdk/lib/tinyusb/src/portable/raspberrypi/rp2040/dcd_rp2040.c.obj
 .rodata.__func__.6938
                0x0000000010007570        0xc CMakeFiles/PicoDX.dir/home/shiyou/pico/pico-sdk/lib/tinyusb/src/portable/raspberrypi/rp2040/dcd_rp2040.c.obj
 .rodata.__func__.6943
                0x000000001000757c       0x1a CMakeFiles/PicoDX.dir/home/shiyou/pico/pico-sdk/lib/tinyusb/src/portable/raspberrypi/rp2040/dcd_rp2040.c.obj
 *fill*         0x0000000010007596        0x2 
 .rodata.__func__.6948
                0x0000000010007598        0xe CMakeFiles/PicoDX.dir/home/shiyou/pico/pico-sdk/lib/tinyusb/src/portable/raspberrypi/rp2040/dcd_rp2040.c.obj
 *fill*         0x00000000100075a6        0x2 
 .rodata.__func__.6955
                0x00000000100075a8        0xe CMakeFiles/PicoDX.dir/home/shiyou/pico/pico-sdk/lib/tinyusb/src/portable/raspberrypi/rp2040/dcd_rp2040.c.obj
 *fill*         0x00000000100075b6        0x2 
 .rodata.__func__.6960
                0x00000000100075b8        0xf CMakeFiles/PicoDX.dir/home/shiyou/pico/pico-sdk/lib/tinyusb/src/portable/raspberrypi/rp2040/dcd_rp2040.c.obj
 *fill*         0x00000000100075c7        0x1 
 .rodata.__func__.6965
                0x00000000100075c8       0x15 CMakeFiles/PicoDX.dir/home/shiyou/pico/pico-sdk/lib/tinyusb/src/portable/raspberrypi/rp2040/dcd_rp2040.c.obj
 *fill*         0x00000000100075dd        0x3 
 .rodata._hw_endpoint_buffer_control_update32.str1.4
                0x00000000100075e0       0x1f CMakeFiles/PicoDX.dir/home/shiyou/pico/pico-sdk/lib/tinyusb/src/portable/raspberrypi/rp2040/rp2040_usb.c.obj
 *fill*         0x00000000100075ff        0x1 
 .rodata._hw_endpoint_xfer_sync.str1.4
                0x0000000010007600       0x91 CMakeFiles/PicoDX.dir/home/shiyou/pico/pico-sdk/lib/tinyusb/src/portable/raspberrypi/rp2040/rp2040_usb.c.obj
 *fill*         0x0000000010007691        0x3 
 .rodata._hw_endpoint_xfer_continue.str1.4
                0x0000000010007694       0x50 CMakeFiles/PicoDX.dir/home/shiyou/pico/pico-sdk/lib/tinyusb/src/portable/raspberrypi/rp2040/rp2040_usb.c.obj
 .rodata._hw_endpoint_xfer.str1.4
                0x00000000100076e4        0xf CMakeFiles/PicoDX.dir/home/shiyou/pico/pico-sdk/lib/tinyusb/src/portable/raspberrypi/rp2040/rp2040_usb.c.obj
 *fill*         0x00000000100076f3        0x1 
 .rodata.str1.4
                0x00000000100076f4        0x7 CMakeFiles/PicoDX.dir/home/shiyou/pico/pico-sdk/lib/tinyusb/src/portable/raspberrypi/rp2040/rp2040_usb.c.obj
 *fill*         0x00000000100076fb        0x1 
 .rodata.__func__.6619
                0x00000000100076fc       0x17 CMakeFiles/PicoDX.dir/home/shiyou/pico/pico-sdk/lib/tinyusb/src/portable/raspberrypi/rp2040/rp2040_usb.c.obj
 *fill*         0x0000000010007713        0x1 
 .rodata.__func__.6630
                0x0000000010007714       0x12 CMakeFiles/PicoDX.dir/home/shiyou/pico/pico-sdk/lib/tinyusb/src/portable/raspberrypi/rp2040/rp2040_usb.c.obj
 *fill*         0x0000000010007726        0x2 
 .rodata.process_set_config.str1.4
                0x0000000010007728       0x17 CMakeFiles/PicoDX.dir/home/shiyou/pico/pico-sdk/lib/tinyusb/src/device/usbd.c.obj
 *fill*         0x000000001000773f        0x1 
 .rodata.process_get_descriptor
                0x0000000010007740       0x40 CMakeFiles/PicoDX.dir/home/shiyou/pico/pico-sdk/lib/tinyusb/src/device/usbd.c.obj
 .rodata.process_control_request
                0x0000000010007780       0x28 CMakeFiles/PicoDX.dir/home/shiyou/pico/pico-sdk/lib/tinyusb/src/device/usbd.c.obj
 .rodata.tud_task
                0x00000000100077a8       0x24 CMakeFiles/PicoDX.dir/home/shiyou/pico/pico-sdk/lib/tinyusb/src/device/usbd.c.obj
 .rodata.__func__.6493
                0x00000000100077cc       0x10 CMakeFiles/PicoDX.dir/home/shiyou/pico/pico-sdk/lib/tinyusb/src/device/usbd.c.obj
 .rodata.__func__.7369
                0x00000000100077dc        0x9 CMakeFiles/PicoDX.dir/home/shiyou/pico/pico-sdk/lib/tinyusb/src/device/usbd.c.obj
 *fill*         0x00000000100077e5        0x3 
 .rodata.__func__.7390
                0x00000000100077e8       0x18 CMakeFiles/PicoDX.dir/home/shiyou/pico/pico-sdk/lib/tinyusb/src/device/usbd.c.obj
 .rodata.__func__.7428
                0x0000000010007800       0x13 CMakeFiles/PicoDX.dir/home/shiyou/pico/pico-sdk/lib/tinyusb/src/device/usbd.c.obj
 *fill*         0x0000000010007813        0x1 
 .rodata.__func__.7471
                0x0000000010007814       0x17 CMakeFiles/PicoDX.dir/home/shiyou/pico/pico-sdk/lib/tinyusb/src/device/usbd.c.obj
 *fill*         0x000000001000782b        0x1 
 .rodata.__func__.7525
                0x000000001000782c       0x14 CMakeFiles/PicoDX.dir/home/shiyou/pico/pico-sdk/lib/tinyusb/src/device/usbd.c.obj
 .rodata.__func__.7541
                0x0000000010007840        0xf CMakeFiles/PicoDX.dir/home/shiyou/pico/pico-sdk/lib/tinyusb/src/device/usbd.c.obj
 *fill*         0x000000001000784f        0x1 
 .rodata.__func__.7569
                0x0000000010007850        0xf CMakeFiles/PicoDX.dir/home/shiyou/pico/pico-sdk/lib/tinyusb/src/device/usbd.c.obj
 *fill*         0x000000001000785f        0x1 
 .rodata._usbd_driver
                0x0000000010007860       0x18 CMakeFiles/PicoDX.dir/home/shiyou/pico/pico-sdk/lib/tinyusb/src/device/usbd.c.obj
 .rodata.tud_control_xfer.str1.4
                0x0000000010007878       0x17 CMakeFiles/PicoDX.dir/home/shiyou/pico/pico-sdk/lib/tinyusb/src/device/usbd_control.c.obj
 .rodata.__func__.7282
                0x0000000010007878       0x11 CMakeFiles/PicoDX.dir/home/shiyou/pico/pico-sdk/lib/tinyusb/src/device/usbd_control.c.obj
 *fill*         0x0000000010007889        0x3 
 .rodata.__func__.7309
                0x000000001000788c       0x15 CMakeFiles/PicoDX.dir/home/shiyou/pico/pico-sdk/lib/tinyusb/src/device/usbd_control.c.obj
 *fill*         0x00000000100078a1        0x3 
 .rodata.hidd_open.str1.4
                0x00000000100078a4       0x11 CMakeFiles/PicoDX.dir/home/shiyou/pico/pico-sdk/lib/tinyusb/src/class/hid/hid_device.c.obj
                                         0x29 (size before relaxing)
 *fill*         0x00000000100078b5        0x3 
 .rodata.hidd_control_xfer_cb
                0x00000000100078b8       0x30 CMakeFiles/PicoDX.dir/home/shiyou/pico/pico-sdk/lib/tinyusb/src/class/hid/hid_device.c.obj
 .rodata.__PRETTY_FUNCTION__.7237
                0x00000000100078e8        0xa CMakeFiles/PicoDX.dir/home/shiyou/pico/pico-sdk/lib/tinyusb/src/class/hid/hid_device.c.obj
 *fill*         0x00000000100078f2        0x2 
 .rodata.__func__.7230
                0x00000000100078f4        0xa CMakeFiles/PicoDX.dir/home/shiyou/pico/pico-sdk/lib/tinyusb/src/class/hid/hid_device.c.obj
 *fill*         0x00000000100078fe        0x2 
 .rodata.__func__.7251
                0x0000000010007900       0x15 CMakeFiles/PicoDX.dir/home/shiyou/pico/pico-sdk/lib/tinyusb/src/class/hid/hid_device.c.obj
 *fill*         0x0000000010007915        0x3 
 .rodata.__func__.7272
                0x0000000010007918        0xd CMakeFiles/PicoDX.dir/home/shiyou/pico/pico-sdk/lib/tinyusb/src/class/hid/hid_device.c.obj
 .rodata.tusb_init.str1.4
                0x0000000010007925       0x17 CMakeFiles/PicoDX.dir/home/shiyou/pico/pico-sdk/lib/tinyusb/src/tusb.c.obj
 *fill*         0x0000000010007925        0x3 
 .rodata.__func__.7157
                0x0000000010007928        0xa CMakeFiles/PicoDX.dir/home/shiyou/pico/pico-sdk/lib/tinyusb/src/tusb.c.obj
                0x0000000010007934                . = ALIGN (0x4)
 *fill*         0x0000000010007932        0x2 
 *(SORT_BY_ALIGNMENT(SORT_BY_NAME(.flashdata*)))
                0x0000000010007934                . = ALIGN (0x4)

.rel.dyn        0x0000000010007934        0x0
 .rel.iplt      0x0000000010007934        0x0 /usr/lib/gcc/arm-none-eabi/9.2.1/thumb/v6-m/nofp/crtbegin.o

.ARM.extab
 *(.ARM.extab* .gnu.linkonce.armextab.*)
                0x0000000010007934                __exidx_start = .

.ARM.exidx
 *(.ARM.exidx* .gnu.linkonce.armexidx.*)
                0x0000000010007934                __exidx_end = .
                0x0000000010007934                . = ALIGN (0x4)
                0x0000000010007934                __binary_info_start = .

.binary_info    0x0000000010007934       0x20
 *(.binary_info.keep.*)
 .binary_info.keep.__bi_ptr22
                0x0000000010007934        0x4 CMakeFiles/PicoDX.dir/home/shiyou/pico/pico-sdk/src/rp2_common/pico_standard_link/binary_info.c.obj
 .binary_info.keep.__bi_ptr30
                0x0000000010007938        0x4 CMakeFiles/PicoDX.dir/home/shiyou/pico/pico-sdk/src/rp2_common/pico_standard_link/binary_info.c.obj
 .binary_info.keep.__bi_ptr38
                0x000000001000793c        0x4 CMakeFiles/PicoDX.dir/home/shiyou/pico/pico-sdk/src/rp2_common/pico_standard_link/binary_info.c.obj
 .binary_info.keep.__bi_ptr44
                0x0000000010007940        0x4 CMakeFiles/PicoDX.dir/home/shiyou/pico/pico-sdk/src/rp2_common/pico_standard_link/binary_info.c.obj
 .binary_info.keep.__bi_ptr50
                0x0000000010007944        0x4 CMakeFiles/PicoDX.dir/home/shiyou/pico/pico-sdk/src/rp2_common/pico_standard_link/binary_info.c.obj
 .binary_info.keep.__bi_ptr56
                0x0000000010007948        0x4 CMakeFiles/PicoDX.dir/home/shiyou/pico/pico-sdk/src/rp2_common/pico_standard_link/binary_info.c.obj
 .binary_info.keep.__bi_ptr75
                0x000000001000794c        0x4 CMakeFiles/PicoDX.dir/home/shiyou/pico/pico-sdk/src/rp2_common/pico_standard_link/binary_info.c.obj
 .binary_info.keep.__bi_ptr81
                0x0000000010007950        0x4 CMakeFiles/PicoDX.dir/home/shiyou/pico/pico-sdk/src/rp2_common/pico_standard_link/binary_info.c.obj
 *(.binary_info.*)
                0x0000000010007954                __binary_info_end = .
                0x0000000010007954                . = ALIGN (0x4)
                0x0000000010007954                __etext = .

.ram_vector_table
                0x0000000020000000       0xc0
 *(.ram_vector_table)
 .ram_vector_table
                0x0000000020000000       0xc0 CMakeFiles/PicoDX.dir/home/shiyou/pico/pico-sdk/src/rp2_common/pico_runtime/runtime.c.obj
                0x0000000020000000                ram_vector_table

.data           0x00000000200000c0      0x3fc load address 0x0000000010007954
                0x00000000200000c0                __data_start__ = .
 *(vtable)
 *(.time_critical*)
 .time_critical.mutex_enter_blocking
                0x00000000200000c0       0x94 CMakeFiles/PicoDX.dir/home/shiyou/pico/pico-sdk/src/common/pico_sync/mutex.c.obj
                0x00000000200000c0                mutex_enter_blocking
 .time_critical.mutex_try_enter
                0x0000000020000154       0x5a CMakeFiles/PicoDX.dir/home/shiyou/pico/pico-sdk/src/common/pico_sync/mutex.c.obj
                0x0000000020000154                mutex_try_enter
 *fill*         0x00000000200001ae        0x2 
 .time_critical.mutex_enter_block_until
                0x00000000200001b0       0x8c CMakeFiles/PicoDX.dir/home/shiyou/pico/pico-sdk/src/common/pico_sync/mutex.c.obj
                0x00000000200001b0                mutex_enter_block_until
 .time_critical.mutex_enter_timeout_ms
                0x000000002000023c       0x78 CMakeFiles/PicoDX.dir/home/shiyou/pico/pico-sdk/src/common/pico_sync/mutex.c.obj
                0x000000002000023c                mutex_enter_timeout_ms
 .time_critical.mutex_exit
                0x00000000200002b4       0x94 CMakeFiles/PicoDX.dir/home/shiyou/pico/pico-sdk/src/common/pico_sync/mutex.c.obj
                0x00000000200002b4                mutex_exit
 *(.text*)
 .text          0x0000000020000348        0x4 /usr/lib/gcc/arm-none-eabi/9.2.1/thumb/v6-m/nofp/libgcc.a(_dvmd_tls.o)
                0x0000000020000348                __aeabi_ldiv0
                0x0000000020000348                __aeabi_idiv0
 *fill*         0x000000002000034c        0x4 
 .text.__stub   0x0000000020000350       0x40 linker stubs
                0x0000000020000390                . = ALIGN (0x4)
 *(.rodata*)
                0x0000000020000390                . = ALIGN (0x4)
 *(.data*)
 .data._ZL17blink_interval_ms
                0x0000000020000390        0x4 CMakeFiles/PicoDX.dir/PicoDX.cpp.obj
 .data.btnPins  0x0000000020000394       0x2c CMakeFiles/PicoDX.dir/PicoDX.cpp.obj
                0x0000000020000394                btnPins
 .data.string_desc_arr
                0x00000000200003c0       0x10 CMakeFiles/PicoDX.dir/usb_descriptors.c.obj
                0x00000000200003c0                string_desc_arr
 .data.striped_spin_lock_num
                0x00000000200003d0        0x1 CMakeFiles/PicoDX.dir/home/shiyou/pico/pico-sdk/src/rp2_common/hardware_sync/sync.c.obj
 *fill*         0x00000000200003d1        0x3 
 .data.default_alarm_pool
                0x00000000200003d4       0x18 CMakeFiles/PicoDX.dir/home/shiyou/pico/pico-sdk/src/common/pico_time/time.c.obj
 .data.default_alarm_pool_heap
                0x00000000200003ec       0x10 CMakeFiles/PicoDX.dir/home/shiyou/pico/pico-sdk/src/common/pico_time/time.c.obj
 .data          0x00000000200003fc       0x48 CMakeFiles/PicoDX.dir/home/shiyou/pico/pico-sdk/src/rp2_common/hardware_irq/irq_handler_chain.S.obj
                0x00000000200003fc                irq_handler_chain_slots
                0x000000002000042c                irq_handler_chain_first_slot
                0x0000000020000436                irq_handler_chain_remove_tail
 *fill*         0x0000000020000444        0xc 
 .data.aeabi_bits_funcs
                0x0000000020000450       0x10 CMakeFiles/PicoDX.dir/home/shiyou/pico/pico-sdk/src/rp2_common/pico_bit_ops/bit_ops_aeabi.S.obj
                0x0000000020000450                aeabi_bits_funcs
                0x0000000020000460                aeabi_bits_funcs_end
 .data.aeabi_mem_funcs
                0x0000000020000460       0x10 CMakeFiles/PicoDX.dir/home/shiyou/pico/pico-sdk/src/rp2_common/pico_mem_ops/mem_ops_aeabi.S.obj
                0x0000000020000460                aeabi_mem_funcs
                0x0000000020000470                aeabi_mem_funcs_end
 .data.ep_dir_string
                0x0000000020000470        0x8 CMakeFiles/PicoDX.dir/home/shiyou/pico/pico-sdk/lib/tinyusb/src/portable/raspberrypi/rp2040/rp2040_usb.c.obj
                0x0000000020000470                ep_dir_string
 .data._usbd_qdef
                0x0000000020000478       0x24 CMakeFiles/PicoDX.dir/home/shiyou/pico/pico-sdk/lib/tinyusb/src/device/usbd.c.obj
                0x0000000020000478                _usbd_qdef
                0x000000002000049c                . = ALIGN (0x4)
 *(.after_data.*)
                0x000000002000049c                . = ALIGN (0x4)
                0x000000002000049c                PROVIDE (__mutex_array_start = .)
 *(SORT_BY_NAME(.mutex_array.*))
 *(.mutex_array)
 .mutex_array   0x000000002000049c        0x8 CMakeFiles/PicoDX.dir/home/shiyou/pico/pico-sdk/src/rp2_common/pico_stdio/stdio.c.obj
                0x00000000200004a4                PROVIDE (__mutex_array_end = .)
                0x00000000200004a4                . = ALIGN (0x4)
                0x00000000200004a4                PROVIDE (__preinit_array_start = .)
 *(SORT_BY_NAME(.preinit_array.*))
 .preinit_array.00001
                0x00000000200004a4        0x4 CMakeFiles/PicoDX.dir/home/shiyou/pico/pico-sdk/src/rp2_common/pico_mem_ops/mem_ops_aeabi.S.obj
 .preinit_array.00010
                0x00000000200004a8        0x4 CMakeFiles/PicoDX.dir/home/shiyou/pico/pico-sdk/src/rp2_common/pico_bit_ops/bit_ops_aeabi.S.obj
 .preinit_array.00020
                0x00000000200004ac        0x4 CMakeFiles/PicoDX.dir/home/shiyou/pico/pico-sdk/src/rp2_common/pico_double/double_aeabi.S.obj
 .preinit_array.00020
                0x00000000200004b0        0x4 CMakeFiles/PicoDX.dir/home/shiyou/pico/pico-sdk/src/rp2_common/pico_float/float_aeabi.S.obj
 *(.preinit_array)
                0x00000000200004b4                PROVIDE (__preinit_array_end = .)
                0x00000000200004b4                . = ALIGN (0x4)
                0x00000000200004b4                PROVIDE (__init_array_start = .)
 *(SORT_BY_NAME(.init_array.*))
 *(.init_array)
 .init_array    0x00000000200004b4        0x4 /usr/lib/gcc/arm-none-eabi/9.2.1/thumb/v6-m/nofp/crtbegin.o
 .init_array    0x00000000200004b8        0x4 CMakeFiles/PicoDX.dir/PicoDX.cpp.obj
                0x00000000200004bc                PROVIDE (__init_array_end = .)
                0x00000000200004bc                . = ALIGN (0x4)
                0x00000000200004bc                PROVIDE (__fini_array_start = .)
 *(SORT_BY_NAME(.fini_array.*))
 *(.fini_array)
                0x00000000200004bc                PROVIDE (__fini_array_end = .)
 *(.jcr)
                0x00000000200004bc                . = ALIGN (0x4)
                0x00000000200004bc                __data_end__ = .

.tm_clone_table
                0x00000000200004bc        0x0 load address 0x0000000010007d50
 .tm_clone_table
                0x00000000200004bc        0x0 /usr/lib/gcc/arm-none-eabi/9.2.1/thumb/v6-m/nofp/crtbegin.o
 .tm_clone_table
                0x00000000200004bc        0x0 /usr/lib/gcc/arm-none-eabi/9.2.1/thumb/v6-m/nofp/crtend.o

.igot.plt       0x00000000200004bc        0x0 load address 0x0000000010007d50
 .igot.plt      0x00000000200004bc        0x0 /usr/lib/gcc/arm-none-eabi/9.2.1/thumb/v6-m/nofp/crtbegin.o

.uninitialized_data
                0x00000000200004bc        0x0 load address 0x0000000010007d50
                0x00000000200004bc                . = ALIGN (0x4)
 *(.uninitialized_data*)

.scratch_x      0x0000000020040000        0x0 load address 0x0000000010007d50
                0x0000000020040000                __scratch_x_start__ = .
 *(.scratch_x.*)
                0x0000000020040000                . = ALIGN (0x4)
                0x0000000020040000                __scratch_x_end__ = .
                0x0000000010007d50                __scratch_x_source__ = LOADADDR (.scratch_x)

.scratch_y      0x0000000020041000        0x0 load address 0x0000000010007d50
                0x0000000020041000                __scratch_y_start__ = .
 *(.scratch_y.*)
                0x0000000020041000                . = ALIGN (0x4)
                0x0000000020041000                __scratch_y_end__ = .
                0x0000000010007d50                __scratch_y_source__ = LOADADDR (.scratch_y)

.bss            0x00000000200004c0      0x9bc
                0x00000000200004c0                . = ALIGN (0x4)
                0x00000000200004c0                __bss_start__ = .
 *(SORT_BY_ALIGNMENT(SORT_BY_NAME(.bss*)))
 .bss.default_alarm_pool_entries
                0x00000000200004c0      0x100 CMakeFiles/PicoDX.dir/home/shiyou/pico/pico-sdk/src/common/pico_time/time.c.obj
 .bss           0x00000000200005c0       0x1c /usr/lib/gcc/arm-none-eabi/9.2.1/thumb/v6-m/nofp/crtbegin.o
 .bss._ZZ17led_blinking_taskvE8start_ms
                0x00000000200005dc        0x4 CMakeFiles/PicoDX.dir/PicoDX.cpp.obj
 .bss._app_driver
                0x00000000200005e0        0x4 CMakeFiles/PicoDX.dir/home/shiyou/pico/pico-sdk/lib/tinyusb/src/device/usbd.c.obj
 .bss._ctrl_xfer
                0x00000000200005e4       0x14 CMakeFiles/PicoDX.dir/home/shiyou/pico/pico-sdk/lib/tinyusb/src/device/usbd_control.c.obj
 .bss._desc_str
                0x00000000200005f8       0x40 CMakeFiles/PicoDX.dir/usb_descriptors.c.obj
 .bss._hidd_itf
                0x0000000020000638       0x2c CMakeFiles/PicoDX.dir/home/shiyou/pico/pico-sdk/lib/tinyusb/src/class/hid/hid_device.c.obj
 .bss._ubsd_mutexdef
                0x0000000020000664        0x8 CMakeFiles/PicoDX.dir/home/shiyou/pico/pico-sdk/lib/tinyusb/src/device/usbd.c.obj
 .bss._usbd_ctrl_buf
                0x000000002000066c       0x40 CMakeFiles/PicoDX.dir/home/shiyou/pico/pico-sdk/lib/tinyusb/src/device/usbd_control.c.obj
 .bss._usbd_dev
                0x00000000200006ac       0x37 CMakeFiles/PicoDX.dir/home/shiyou/pico/pico-sdk/lib/tinyusb/src/device/usbd.c.obj
 *fill*         0x00000000200006e3        0x1 
 .bss._usbd_mutex
                0x00000000200006e4        0x4 CMakeFiles/PicoDX.dir/home/shiyou/pico/pico-sdk/lib/tinyusb/src/device/usbd.c.obj
 .bss._usbd_q   0x00000000200006e8        0x4 CMakeFiles/PicoDX.dir/home/shiyou/pico/pico-sdk/lib/tinyusb/src/device/usbd.c.obj
 .bss.alarm_callbacks
                0x00000000200006ec       0x10 CMakeFiles/PicoDX.dir/home/shiyou/pico/pico-sdk/src/rp2_common/hardware_timer/timer.c.obj
 .bss.claimed   0x00000000200006fc        0x4 CMakeFiles/PicoDX.dir/home/shiyou/pico/pico-sdk/src/rp2_common/hardware_sync/sync.c.obj
 .bss.configured_freq
                0x0000000020000700       0x28 CMakeFiles/PicoDX.dir/home/shiyou/pico/pico-sdk/src/rp2_common/hardware_clocks/clocks.c.obj
 .bss.default_alarm_pool_entry_ids_high
                0x0000000020000728       0x10 CMakeFiles/PicoDX.dir/home/shiyou/pico/pico-sdk/src/common/pico_time/time.c.obj
 .bss.default_alarm_pool_heap_nodes
                0x0000000020000738       0x30 CMakeFiles/PicoDX.dir/home/shiyou/pico/pico-sdk/src/common/pico_time/time.c.obj
 .bss.drivers   0x0000000020000768        0x4 CMakeFiles/PicoDX.dir/home/shiyou/pico/pico-sdk/src/rp2_common/pico_stdio/stdio.c.obj
 .bss.dxInput   0x000000002000076c       0x10 CMakeFiles/PicoDX.dir/PicoDX.cpp.obj
                0x000000002000076c                dxInput
 .bss.filter    0x000000002000077c        0x4 CMakeFiles/PicoDX.dir/home/shiyou/pico/pico-sdk/src/rp2_common/pico_stdio/stdio.c.obj
 .bss.hidHandler
                0x0000000020000780        0x1 CMakeFiles/PicoDX.dir/PicoDX.cpp.obj
                0x0000000020000780                hidHandler
 *fill*         0x0000000020000781        0x3 
 .bss.hw_endpoints
                0x0000000020000784      0x400 CMakeFiles/PicoDX.dir/home/shiyou/pico/pico-sdk/lib/tinyusb/src/portable/raspberrypi/rp2040/dcd_rp2040.c.obj
 .bss.last_send
                0x0000000020000b84        0x4 CMakeFiles/PicoDX.dir/PicoDX.cpp.obj
                0x0000000020000b84                last_send
 .bss.next_buffer_ptr
                0x0000000020000b88        0x4 CMakeFiles/PicoDX.dir/home/shiyou/pico/pico-sdk/lib/tinyusb/src/portable/raspberrypi/rp2040/dcd_rp2040.c.obj
 .bss.pools     0x0000000020000b8c       0x10 CMakeFiles/PicoDX.dir/home/shiyou/pico/pico-sdk/src/common/pico_time/time.c.obj
 .bss.sleep_notifier
                0x0000000020000b9c        0x4 CMakeFiles/PicoDX.dir/home/shiyou/pico/pico-sdk/src/common/pico_time/time.c.obj
 .bss.target_hi
                0x0000000020000ba0       0x10 CMakeFiles/PicoDX.dir/home/shiyou/pico/pico-sdk/src/rp2_common/hardware_timer/timer.c.obj
 .bss._ZZ17led_blinking_taskvE9led_state
                0x0000000020000bb0        0x1 CMakeFiles/PicoDX.dir/PicoDX.cpp.obj
 .bss._app_driver_count
                0x0000000020000bb1        0x1 CMakeFiles/PicoDX.dir/home/shiyou/pico/pico-sdk/lib/tinyusb/src/device/usbd.c.obj
 .bss._usbd_initialized
                0x0000000020000bb2        0x1 CMakeFiles/PicoDX.dir/home/shiyou/pico/pico-sdk/lib/tinyusb/src/device/usbd.c.obj
 .bss.claimed   0x0000000020000bb3        0x1 CMakeFiles/PicoDX.dir/home/shiyou/pico/pico-sdk/src/rp2_common/hardware_timer/timer.c.obj
 .bss.irq_hander_chain_free_slot_head
                0x0000000020000bb4        0x1 CMakeFiles/PicoDX.dir/home/shiyou/pico/pico-sdk/src/rp2_common/hardware_irq/irq.c.obj
 .bss.timer_callbacks_pending
                0x0000000020000bb5        0x1 CMakeFiles/PicoDX.dir/home/shiyou/pico/pico-sdk/src/rp2_common/hardware_timer/timer.c.obj
 *(COMMON)
 *fill*         0x0000000020000bb6        0x2 
 COMMON         0x0000000020000bb8      0x100 CMakeFiles/PicoDX.dir/home/shiyou/pico/pico-sdk/src/rp2_common/pico_double/double_init_rom.c.obj
                0x0000000020000bb8                sd_table
 COMMON         0x0000000020000cb8      0x104 CMakeFiles/PicoDX.dir/home/shiyou/pico/pico-sdk/src/rp2_common/pico_float/float_init_rom.c.obj
                0x0000000020000cb8                sf_table
                0x0000000020000db8                sf_clz_func
 COMMON         0x0000000020000dbc       0xc0 CMakeFiles/PicoDX.dir/home/shiyou/pico/pico-sdk/lib/tinyusb/src/device/usbd.c.obj
                0x0000000020000dbc                _usbd_qdef_buf
                0x0000000020000e7c                . = ALIGN (0x4)
                0x0000000020000e7c                __bss_end__ = .

.heap           0x0000000020000e7c      0x800
                0x0000000020000e7c                __end__ = .